<html>
<body>
<pre>
<h1>µVision Build Log</h1>
<h2>Tool Versions:</h2>
IDE-Version: ¦ÌVision V5.36.0.0
Copyright (C) 2021 ARM Ltd and ARM Germany GmbH. All rights reserved.
License Information: 1 1494930903@qq.com, 1, LIC=TIVNB-2TANB-122LE-5946M-0KQD0-4CBN9
 
Tool Versions:
Toolchain:       MDK-ARM Plus  Version: 5.36.0.0
Toolchain Path:  C:\Keil_v5\ARM\ARMCC\Bin
C Compiler:      Armcc.exe V5.06 update 7 (build 960)
Assembler:       Armasm.exe V5.06 update 7 (build 960)
Linker/Locator:  ArmLink.exe V5.06 update 7 (build 960)
Library Manager: ArmAr.exe V5.06 update 7 (build 960)
Hex Converter:   FromElf.exe V5.06 update 7 (build 960)
CPU DLL:         SARMCM3.DLL V5.36.0.0
Dialog DLL:      DCM.DLL V1.17.3.0
Target DLL:      STLink\ST-LINKIII-KEIL_SWO.dll V3.0.9.0
Dialog DLL:      TCM.DLL V1.53.0.0
 
<h2>Project:</h2>
C:\Users\14949\Desktop\stm32data\dashboard2024\MDK-ARM\dashboard2024.uvprojx
Project File Date:  08/28/2024

<h2>Output:</h2>
*** Using Compiler 'V5.06 update 7 (build 960)', folder: 'C:\Keil_v5\ARM\ARMCC\Bin'
Rebuild target 'dashboard2024'
Note: source file '..\Core\Src\BSP\lcd.c' - object file renamed from 'dashboard2024\lcd.o' to 'dashboard2024\lcd_1.o'.
assembling startup_stm32f103xe.s...
compiling stm32f1xx_it.c...
compiling stm32f1xx_hal_gpio_ex.c...
compiling stm32f1xx_hal_timebase_tim.c...
compiling fsmc.c...
compiling gpio.c...
compiling stm32f1xx_hal_gpio.c...
compiling stm32f1xx_hal.c...
compiling stm32f1xx_hal_rcc_ex.c...
compiling stm32f1xx_hal_msp.c...
compiling freertos.c...
compiling stm32f1xx_hal_rcc.c...
compiling main.c...
../Core/Src/main.c(59): warning:  #1295-D: Deprecated declaration NewFunction - give arg types
  void NewFunction();
../Core/Src/main.c: 1 warning, 0 errors
compiling stm32f1xx_hal_dma.c...
compiling croutine.c...
compiling event_groups.c...
compiling list.c...
compiling queue.c...
compiling stream_buffer.c...
compiling tasks.c...
compiling stm32f1xx_hal_cortex.c...
compiling stm32f1xx_ll_fsmc.c...
compiling timers.c...
compiling stm32f1xx_hal_pwr.c...
compiling stm32f1xx_hal_flash_ex.c...
compiling stm32f1xx_hal_flash.c...
compiling heap_4.c...
compiling stm32f1xx_hal_exti.c...
compiling system_stm32f1xx.c...
compiling stm32f1xx_hal_sram.c...
compiling port.c...
compiling cmsis_os2.c...
compiling stm32f1xx_hal_uart.c...
compiling stm32f1xx_hal_tim_ex.c...
compiling stm32f1xx_hal_tim.c...
compiling usart.c...
compiling delay.c...
compiling sys.c...
compiling lcd.c...
..\Core\Src\BSP\lcd.c(2115): warning:  #167-D: argument of type "u8 *" is incompatible with parameter of type "char *restrict"
  	sprintf(temp,"%d",num); 
..\Core\Src\BSP\lcd.c(2497): warning:  #167-D: argument of type "char *" is incompatible with parameter of type "u8 *"
  		LCD_Show_Chinese_String(info->x,info->y,sizeof(info->str)*36,32,sizeof(info->str),info->str);//strlen?
..\Core\Src\BSP\lcd.c(2501): warning:  #1-D: last line of file ends without a newline
  }
..\Core\Src\BSP\lcd.c: 3 warnings, 0 errors
linking...
Program Size: Code=16908 RO-data=191260 RW-data=172 ZI-data=8492  
FromELF: creating hex file...
"dashboard2024\dashboard2024.axf" - 0 Error(s), 4 Warning(s).

<h2>Software Packages used:</h2>

Package Vendor: ARM
                http://www.keil.com/pack/ARM.CMSIS.5.8.0.pack
                ARM.CMSIS.5.8.0
                CMSIS (Common Microcontroller Software Interface Standard)
   * Component: CORE Version: 5.5.0

Package Vendor: Keil
                https://www.keil.com/pack/Keil.STM32F1xx_DFP.2.4.1.pack
                Keil.STM32F1xx_DFP.2.4.1
                STMicroelectronics STM32F1 Series Device Support, Drivers and Examples

<h2>Collection of Component include folders:</h2>
  .\RTE\_dashboard2024
  C:\Users\14949\AppData\Local\Arm\Packs\ARM\CMSIS\5.8.0\CMSIS\Core\Include
  C:\Users\14949\AppData\Local\Arm\Packs\Keil\STM32F1xx_DFP\2.4.1\Device\Include

<h2>Collection of Component Files used:</h2>

   * Component: ARM::CMSIS:CORE:5.5.0
      Include file:  CMSIS\Core\Include\tz_context.h
Build Time Elapsed:  00:00:07
</pre>
</body>
</html>
