Component: ARM Compiler 5.06 update 7 (build 960) Tool: armlink [4d3601]

==============================================================================

Section Cross References

    startup_stm32f103xe.o(STACK) refers (Special) to heapauxi.o(.text) for __use_two_region_memory
    startup_stm32f103xe.o(HEAP) refers (Special) to heapauxi.o(.text) for __use_two_region_memory
    startup_stm32f103xe.o(RESET) refers (Special) to heapauxi.o(.text) for __use_two_region_memory
    startup_stm32f103xe.o(RESET) refers to startup_stm32f103xe.o(STACK) for __initial_sp
    startup_stm32f103xe.o(RESET) refers to startup_stm32f103xe.o(.text) for Reset_Handler
    startup_stm32f103xe.o(RESET) refers to stm32f1xx_it.o(i.NMI_Handler) for NMI_Handler
    startup_stm32f103xe.o(RESET) refers to stm32f1xx_it.o(i.HardFault_Handler) for HardFault_Handler
    startup_stm32f103xe.o(RESET) refers to stm32f1xx_it.o(i.MemManage_Handler) for MemManage_Handler
    startup_stm32f103xe.o(RESET) refers to stm32f1xx_it.o(i.BusFault_Handler) for BusFault_Handler
    startup_stm32f103xe.o(RESET) refers to stm32f1xx_it.o(i.UsageFault_Handler) for UsageFault_Handler
    startup_stm32f103xe.o(RESET) refers to port.o(.emb_text) for SVC_Handler
    startup_stm32f103xe.o(RESET) refers to stm32f1xx_it.o(i.DebugMon_Handler) for DebugMon_Handler
    startup_stm32f103xe.o(RESET) refers to port.o(i.SysTick_Handler) for SysTick_Handler
    startup_stm32f103xe.o(RESET) refers to stm32f1xx_it.o(i.TIM4_IRQHandler) for TIM4_IRQHandler
    startup_stm32f103xe.o(RESET) refers to usart.o(i.USART1_IRQHandler) for USART1_IRQHandler
    startup_stm32f103xe.o(.text) refers (Special) to heapauxi.o(.text) for __use_two_region_memory
    startup_stm32f103xe.o(.text) refers to system_stm32f1xx.o(i.SystemInit) for SystemInit
    startup_stm32f103xe.o(.text) refers to __main.o(!!!main) for __main
    startup_stm32f103xe.o(.text) refers to startup_stm32f103xe.o(HEAP) for Heap_Mem
    startup_stm32f103xe.o(.text) refers to startup_stm32f103xe.o(STACK) for Stack_Mem
    main.o(i.HAL_TIM_PeriodElapsedCallback) refers to stm32f1xx_hal.o(i.HAL_IncTick) for HAL_IncTick
    main.o(i.SystemClock_Config) refers to rt_memclr_w.o(.text) for __aeabi_memclr4
    main.o(i.SystemClock_Config) refers to stm32f1xx_hal_rcc.o(i.HAL_RCC_OscConfig) for HAL_RCC_OscConfig
    main.o(i.SystemClock_Config) refers to stm32f1xx_hal_rcc.o(i.HAL_RCC_ClockConfig) for HAL_RCC_ClockConfig
    main.o(i.main) refers to stm32f1xx_hal.o(i.HAL_Init) for HAL_Init
    main.o(i.main) refers to main.o(i.SystemClock_Config) for SystemClock_Config
    main.o(i.main) refers to gpio.o(i.MX_GPIO_Init) for MX_GPIO_Init
    main.o(i.main) refers to fsmc.o(i.MX_FSMC_Init) for MX_FSMC_Init
    main.o(i.main) refers to cmsis_os2.o(i.osKernelInitialize) for osKernelInitialize
    main.o(i.main) refers to freertos.o(i.MX_FREERTOS_Init) for MX_FREERTOS_Init
    main.o(i.main) refers to cmsis_os2.o(i.osKernelStart) for osKernelStart
    freertos.o(i.MX_FREERTOS_Init) refers to cmsis_os2.o(i.osThreadNew) for osThreadNew
    freertos.o(i.MX_FREERTOS_Init) refers to tasks.o(i.xTaskCreate) for xTaskCreate
    freertos.o(i.MX_FREERTOS_Init) refers to freertos.o(.constdata) for .constdata
    freertos.o(i.MX_FREERTOS_Init) refers to freertos.o(i.StartDefaultTask) for StartDefaultTask
    freertos.o(i.MX_FREERTOS_Init) refers to freertos.o(.data) for .data
    freertos.o(i.MX_FREERTOS_Init) refers to lcd_1.o(i.LCD_Print) for LCD_Print
    freertos.o(i.StartDefaultTask) refers to cmsis_os2.o(i.osDelay) for osDelay
    freertos.o(.constdata) refers to freertos.o(.conststring) for .conststring
    freertos.o(.data) refers to freertos.o(.conststring) for .conststring
    freertos.o(.data) refers to freertos.o(.conststring) for .conststring
    freertos.o(.data) refers to freertos.o(.conststring) for .conststring
    freertos.o(.data) refers to freertos.o(.conststring) for .conststring
    freertos.o(.data) refers to freertos.o(.conststring) for .conststring
    freertos.o(.data) refers to freertos.o(.conststring) for .conststring
    freertos.o(.data) refers to freertos.o(.conststring) for .conststring
    freertos.o(.data) refers to freertos.o(.conststring) for .conststring
    freertos.o(.data) refers to freertos.o(.conststring) for .conststring
    freertos.o(.data) refers to freertos.o(.conststring) for .conststring
    fsmc.o(i.HAL_FSMC_MspInit) refers to stm32f1xx_hal_gpio.o(i.HAL_GPIO_Init) for HAL_GPIO_Init
    fsmc.o(i.HAL_FSMC_MspInit) refers to fsmc.o(.data) for .data
    fsmc.o(i.HAL_SRAM_MspDeInit) refers to stm32f1xx_hal_gpio.o(i.HAL_GPIO_DeInit) for HAL_GPIO_DeInit
    fsmc.o(i.HAL_SRAM_MspDeInit) refers to fsmc.o(.data) for .data
    fsmc.o(i.HAL_SRAM_MspInit) refers to fsmc.o(i.HAL_FSMC_MspInit) for HAL_FSMC_MspInit
    fsmc.o(i.MX_FSMC_Init) refers to rt_memclr_w.o(.text) for __aeabi_memclr4
    fsmc.o(i.MX_FSMC_Init) refers to stm32f1xx_hal_sram.o(i.HAL_SRAM_Init) for HAL_SRAM_Init
[...]
    i.HAL_UART_TxCpltCallback                0x080015ac   Section        0  stm32f1xx_hal_uart.o(i.HAL_UART_TxCpltCallback)
    i.HardFault_Handler                      0x080015ae   Section        0  stm32f1xx_it.o(i.HardFault_Handler)
    i.LCD_Fast_DrawPoint                     0x080015b0   Section        0  lcd_1.o(i.LCD_Fast_DrawPoint)
    i.LCD_Print                              0x08001694   Section        0  lcd_1.o(i.LCD_Print)
    i.LCD_ShowChar                           0x080016c8   Section        0  lcd_1.o(i.LCD_ShowChar)
    i.LCD_ShowFloat                          0x080017d4   Section        0  lcd_1.o(i.LCD_ShowFloat)
    i.LCD_Show_Chinese                       0x08001ac0   Section        0  lcd_1.o(i.LCD_Show_Chinese)
    i.LCD_Show_Chinese_String                0x08001d5c   Section        0  lcd_1.o(i.LCD_Show_Chinese_String)
    i.LCD_WR_DATA                            0x08001dc8   Section        0  lcd_1.o(i.LCD_WR_DATA)
    i.LCD_WR_REG                             0x08001de0   Section        0  lcd_1.o(i.LCD_WR_REG)
    i.MX_FREERTOS_Init                       0x08001df8   Section        0  freertos.o(i.MX_FREERTOS_Init)
    i.MX_FSMC_Init                           0x08001fac   Section        0  fsmc.o(i.MX_FSMC_Init)
    i.MX_GPIO_Init                           0x08002040   Section        0  gpio.o(i.MX_GPIO_Init)
    i.MemManage_Handler                      0x0800209c   Section        0  stm32f1xx_it.o(i.MemManage_Handler)
    i.NMI_Handler                            0x0800209e   Section        0  stm32f1xx_it.o(i.NMI_Handler)
    i.StartDefaultTask                       0x080020a0   Section        0  freertos.o(i.StartDefaultTask)
    i.SysTick_Handler                        0x080020a8   Section        0  port.o(i.SysTick_Handler)
    i.SystemClock_Config                     0x080020d4   Section        0  main.o(i.SystemClock_Config)
    i.SystemInit                             0x08002132   Section        0  system_stm32f1xx.o(i.SystemInit)
    i.TIM4_IRQHandler                        0x08002134   Section        0  stm32f1xx_it.o(i.TIM4_IRQHandler)
    i.TIM_Base_SetConfig                     0x08002140   Section        0  stm32f1xx_hal_tim.o(i.TIM_Base_SetConfig)
    i.UART_DMAAbortOnError                   0x080021cc   Section        0  stm32f1xx_hal_uart.o(i.UART_DMAAbortOnError)
    UART_DMAAbortOnError                     0x080021cd   Thumb Code    16  stm32f1xx_hal_uart.o(i.UART_DMAAbortOnError)
    i.UART_EndRxTransfer                     0x080021dc   Section        0  stm32f1xx_hal_uart.o(i.UART_EndRxTransfer)
    UART_EndRxTransfer                       0x080021dd   Thumb Code    78  stm32f1xx_hal_uart.o(i.UART_EndRxTransfer)
    i.UART_Receive_IT                        0x0800222a   Section        0  stm32f1xx_hal_uart.o(i.UART_Receive_IT)
    UART_Receive_IT                          0x0800222b   Thumb Code   194  stm32f1xx_hal_uart.o(i.UART_Receive_IT)
    i.UART_Start_Receive_IT                  0x080022ec   Section        0  stm32f1xx_hal_uart.o(i.UART_Start_Receive_IT)
    i.USART1_IRQHandler                      0x08002324   Section        0  usart.o(i.USART1_IRQHandler)
    i.UsageFault_Handler                     0x08002350   Section        0  stm32f1xx_it.o(i.UsageFault_Handler)
    i.__NVIC_SetPriority                     0x08002352   Section        0  stm32f1xx_hal_cortex.o(i.__NVIC_SetPriority)
    __NVIC_SetPriority                       0x08002353   Thumb Code    32  stm32f1xx_hal_cortex.o(i.__NVIC_SetPriority)
    i._sys_exit                              0x08002372   Section        0  usart.o(i._sys_exit)
    i.main                                   0x08002374   Section        0  main.o(i.main)
    i.osDelay                                0x08002394   Section        0  cmsis_os2.o(i.osDelay)
    i.osKernelInitialize                     0x080023c8   Section        0  cmsis_os2.o(i.osKernelInitialize)
    i.osKernelStart                          0x08002400   Section        0  cmsis_os2.o(i.osKernelStart)
    i.osThreadNew                            0x08002440   Section        0  cmsis_os2.o(i.osThreadNew)
    i.prvAddCurrentTaskToDelayedList         0x080024e4   Section        0  tasks.o(i.prvAddCurrentTaskToDelayedList)
    prvAddCurrentTaskToDelayedList           0x080024e5   Thumb Code    84  tasks.o(i.prvAddCurrentTaskToDelayedList)
    i.prvAddNewTaskToReadyList               0x08002540   Section        0  tasks.o(i.prvAddNewTaskToReadyList)
    prvAddNewTaskToReadyList                 0x08002541   Thumb Code   190  tasks.o(i.prvAddNewTaskToReadyList)
    i.prvCheckForValidListAndQueue           0x08002610   Section        0  timers.o(i.prvCheckForValidListAndQueue)
    prvCheckForValidListAndQueue             0x08002611   Thumb Code    72  timers.o(i.prvCheckForValidListAndQueue)
    i.prvCopyDataFromQueue                   0x08002668   Section        0  queue.o(i.prvCopyDataFromQueue)
    prvCopyDataFromQueue                     0x08002669   Thumb Code    38  queue.o(i.prvCopyDataFromQueue)
    i.prvCopyDataToQueue                     0x0800268e   Section        0  queue.o(i.prvCopyDataToQueue)
    prvCopyDataToQueue                       0x0800268f   Thumb Code   108  queue.o(i.prvCopyDataToQueue)
    i.prvDeleteTCB                           0x080026fa   Section        0  tasks.o(i.prvDeleteTCB)
    prvDeleteTCB                             0x080026fb   Thumb Code    52  tasks.o(i.prvDeleteTCB)
    i.prvHeapInit                            0x08002730   Section        0  heap_4.o(i.prvHeapInit)
    prvHeapInit                              0x08002731   Thumb Code    66  heap_4.o(i.prvHeapInit)
    i.prvIdleTask                            0x0800277c   Section        0  tasks.o(i.prvIdleTask)
    prvIdleTask                              0x0800277d   Thumb Code    82  tasks.o(i.prvIdleTask)
    i.prvInitialiseNewQueue                  0x080027dc   Section        0  queue.o(i.prvInitialiseNewQueue)
    prvInitialiseNewQueue                    0x080027dd   Thumb Code    34  queue.o(i.prvInitialiseNewQueue)
    i.prvInitialiseNewTask                   0x080027fe   Section        0  tasks.o(i.prvInitialiseNewTask)
    prvInitialiseNewTask                     0x080027ff   Thumb Code   156  tasks.o(i.prvInitialiseNewTask)
    i.prvInsertBlockIntoFreeList             0x0800289c   Section        0  heap_4.o(i.prvInsertBlockIntoFreeList)
    prvInsertBlockIntoFreeList               0x0800289d   Thumb Code    72  heap_4.o(i.prvInsertBlockIntoFreeList)
    i.prvInsertTimerInActiveList             0x080028e8   Section        0  timers.o(i.prvInsertTimerInActiveList)
    prvInsertTimerInActiveList               0x080028e9   Thumb Code    52  timers.o(i.prvInsertTimerInActiveList)
    i.prvIsQueueEmpty                        0x08002920   Section        0  queue.o(i.prvIsQueueEmpty)
    prvIsQueueEmpty                          0x08002921   Thumb Code    28  queue.o(i.prvIsQueueEmpty)
    i.prvProcessReceivedCommands             0x0800293c   Section        0  timers.o(i.prvProcessReceivedCommands)
    prvProcessReceivedCommands               0x0800293d   Thumb Code   198  timers.o(i.prvProcessReceivedCommands)
    i.prvProcessTimerOrBlockTask             0x08002a08   Section        0  timers.o(i.prvProcessTimerOrBlockTask)
    prvProcessTimerOrBlockTask               0x08002a09   Thumb Code   172  timers.o(i.prvProcessTimerOrBlockTask)
    i.prvResetNextTaskUnblockTime            0x08002abc   Section        0  tasks.o(i.prvResetNextTaskUnblockTime)
    prvResetNextTaskUnblockTime              0x08002abd   Thumb Code    26  tasks.o(i.prvResetNextTaskUnblockTime)
    i.prvSampleTimeNow                       0x08002adc   Section        0  timers.o(i.prvSampleTimeNow)
    prvSampleTimeNow                         0x08002add   Thumb Code    36  timers.o(i.prvSampleTimeNow)
    i.prvSwitchTimerLists                    0x08002b04   Section        0  timers.o(i.prvSwitchTimerLists)
    prvSwitchTimerLists                      0x08002b05   Thumb Code   102  timers.o(i.prvSwitchTimerLists)
    i.prvTaskExitError                       0x08002b70   Section        0  port.o(i.prvTaskExitError)
    prvTaskExitError                         0x08002b71   Thumb Code    36  port.o(i.prvTaskExitError)
    i.prvTimerTask                           0x08002b98   Section        0  timers.o(i.prvTimerTask)
    prvTimerTask                             0x08002b99   Thumb Code    32  timers.o(i.prvTimerTask)
    i.prvUnlockQueue                         0x08002bbc   Section        0  queue.o(i.prvUnlockQueue)
    prvUnlockQueue                           0x08002bbd   Thumb Code   106  queue.o(i.prvUnlockQueue)
    i.pvPortMalloc                           0x08002c28   Section        0  heap_4.o(i.pvPortMalloc)
    i.pxPortInitialiseStack                  0x08002d00   Section        0  port.o(i.pxPortInitialiseStack)
    i.uxListRemove                           0x08002d24   Section        0  list.o(i.uxListRemove)
    i.vApplicationGetIdleTaskMemory          0x08002d4c   Section        0  cmsis_os2.o(i.vApplicationGetIdleTaskMemory)
    i.vApplicationGetTimerTaskMemory         0x08002d60   Section        0  cmsis_os2.o(i.vApplicationGetTimerTaskMemory)
    i.vListInitialise                        0x08002d78   Section        0  list.o(i.vListInitialise)
    i.vListInitialiseItem                    0x08002d8e   Section        0  list.o(i.vListInitialiseItem)
    i.vListInsert                            0x08002d94   Section        0  list.o(i.vListInsert)
    i.vListInsertEnd                         0x08002dc4   Section        0  list.o(i.vListInsertEnd)
    i.vPortEnterCritical                     0x08002ddc   Section        0  port.o(i.vPortEnterCritical)
    i.vPortExitCritical                      0x08002e1c   Section        0  port.o(i.vPortExitCritical)
    i.vPortFree                              0x08002e44   Section        0  heap_4.o(i.vPortFree)
    i.vPortSetupTimerInterrupt               0x08002ea0   Section        0  port.o(i.vPortSetupTimerInterrupt)
    i.vPortValidateInterruptPriority         0x08002ec4   Section        0  port.o(i.vPortValidateInterruptPriority)
    i.vQueueAddToRegistry                    0x08002f18   Section        0  queue.o(i.vQueueAddToRegistry)
    i.vQueueWaitForMessageRestricted         0x08002f40   Section        0  queue.o(i.vQueueWaitForMessageRestricted)
    i.vTaskDelay                             0x08002f84   Section        0  tasks.o(i.vTaskDelay)
    i.vTaskInternalSetTimeOutState           0x08002fd0   Section        0  tasks.o(i.vTaskInternalSetTimeOutState)
    i.vTaskMissedYield                       0x08002fe0   Section        0  tasks.o(i.vTaskMissedYield)
    i.vTaskPlaceOnEventList                  0x08002fec   Section        0  tasks.o(i.vTaskPlaceOnEventList)
    i.vTaskPlaceOnEventListRestricted        0x0800301c   Section        0  tasks.o(i.vTaskPlaceOnEventListRestricted)
    i.vTaskStartScheduler                    0x08003054   Section        0  tasks.o(i.vTaskStartScheduler)
    i.vTaskSuspendAll                        0x080030dc   Section        0  tasks.o(i.vTaskSuspendAll)
    i.vTaskSwitchContext                     0x080030ec   Section        0  tasks.o(i.vTaskSwitchContext)
    i.xPortStartScheduler                    0x08003150   Section        0  port.o(i.xPortStartScheduler)
    i.xQueueGenericCreateStatic              0x080031f8   Section        0  queue.o(i.xQueueGenericCreateStatic)
    i.xQueueGenericReset                     0x08003260   Section        0  queue.o(i.xQueueGenericReset)
    i.xQueueGenericSend                      0x080032e8   Section        0  queue.o(i.xQueueGenericSend)
    i.xQueueGenericSendFromISR               0x08003448   Section        0  queue.o(i.xQueueGenericSendFromISR)
    i.xQueueReceive                          0x08003504   Section        0  queue.o(i.xQueueReceive)
    i.xTaskCheckForTimeOut                   0x0800363c   Section        0  tasks.o(i.xTaskCheckForTimeOut)
    i.xTaskCreate                            0x080036b0   Section        0  tasks.o(i.xTaskCreate)
    i.xTaskCreateStatic                      0x0800370a   Section        0  tasks.o(i.xTaskCreateStatic)
    i.xTaskGetSchedulerState                 0x08003760   Section        0  tasks.o(i.xTaskGetSchedulerState)
    i.xTaskGetTickCount                      0x0800377c   Section        0  tasks.o(i.xTaskGetTickCount)
    i.xTaskIncrementTick                     0x08003788   Section        0  tasks.o(i.xTaskIncrementTick)
    i.xTaskPriorityDisinherit                0x08003850   Section        0  tasks.o(i.xTaskPriorityDisinherit)
    i.xTaskRemoveFromEventList               0x080038d0   Section        0  tasks.o(i.xTaskRemoveFromEventList)
    i.xTaskResumeAll                         0x08003940   Section        0  tasks.o(i.xTaskResumeAll)
    i.xTimerCreateTimerTask                  0x08003a04   Section        0  timers.o(i.xTimerCreateTimerTask)
    i.xTimerGenericCommand                   0x08003a64   Section        0  timers.o(i.xTimerGenericCommand)
    x$fpl$dadd                               0x08003acc   Section      336  daddsub_clz.o(x$fpl$dadd)
    _dadd1                                   0x08003add   Thumb Code     0  daddsub_clz.o(x$fpl$dadd)
    x$fpl$dcheck1                            0x08003c1c   Section       16  dcheck1.o(x$fpl$dcheck1)
    x$fpl$dfixu                              0x08003c2c   Section       90  dfixu.o(x$fpl$dfixu)
    x$fpl$dfltu                              0x08003c86   Section       38  dflt_clz.o(x$fpl$dfltu)
    x$fpl$dmul                               0x08003cac   Section      340  dmul.o(x$fpl$dmul)
    x$fpl$dnaninf                            0x08003e00   Section      156  dnaninf.o(x$fpl$dnaninf)
    x$fpl$dretinf                            0x08003e9c   Section       12  dretinf.o(x$fpl$dretinf)
    x$fpl$dsub                               0x08003ea8   Section      468  daddsub_clz.o(x$fpl$dsub)
    _dsub1                                   0x08003eb9   Thumb Code     0  daddsub_clz.o(x$fpl$dsub)
    x$fpl$ffix                               0x0800407c   Section       54  ffix.o(x$fpl$ffix)
    x$fpl$fmul                               0x080040b4   Section      258  fmul.o(x$fpl$fmul)
    x$fpl$fnaninf                            0x080041b6   Section      140  fnaninf.o(x$fpl$fnaninf)
    x$fpl$fretinf                            0x08004242   Section       10  fretinf.o(x$fpl$fretinf)
    x$fpl$retnan                             0x0800424c   Section      100  retnan.o(x$fpl$retnan)
    x$fpl$scalbn                             0x080042b0   Section       92  scalbn.o(x$fpl$scalbn)
    x$fpl$trapveneer                         0x0800430c   Section       48  trapv.o(x$fpl$trapveneer)
    .constdata                               0x0800433c   Section       36  freertos.o(.constdata)
    x$fpl$usenofp                            0x0800433c   Section        0  usenofp.o(x$fpl$usenofp)
    .constdata                               0x08004360   Section       18  stm32f1xx_hal_rcc.o(.constdata)
    aPredivFactorTable                       0x08004360   Data           2  stm32f1xx_hal_rcc.o(.constdata)
    aPLLMULFactorTable                       0x08004362   Data          16  stm32f1xx_hal_rcc.o(.constdata)
    .constdata                               0x08004372   Section       16  system_stm32f1xx.o(.constdata)
    .constdata                               0x08004382   Section        8  system_stm32f1xx.o(.constdata)
    .constdata                               0x0800438c   Section    190600  lcd_1.o(.constdata)
    .conststring                             0x08032c14   Section       24  freertos.o(.conststring)
    .conststring                             0x08032c2c   Section      219  lcd_1.o(.conststring)
    .data                                    0x20000000   Section       16  freertos.o(.data)
    .data                                    0x20000010   Section        8  fsmc.o(.data)
    FSMC_Initialized                         0x20000010   Data           4  fsmc.o(.data)
    FSMC_DeInitialized                       0x20000014   Data           4  fsmc.o(.data)
    .data                                    0x20000018   Section       12  stm32f1xx_hal.o(.data)
    .data                                    0x20000024   Section        4  system_stm32f1xx.o(.data)
    .data                                    0x20000028   Section       60  tasks.o(.data)
    pxDelayedTaskList                        0x2000002c   Data           4  tasks.o(.data)
    pxOverflowDelayedTaskList                0x20000030   Data           4  tasks.o(.data)
    uxDeletedTasksWaitingCleanUp             0x20000034   Data           4  tasks.o(.data)
    uxCurrentNumberOfTasks                   0x20000038   Data           4  tasks.o(.data)
    xTickCount                               0x2000003c   Data           4  tasks.o(.data)
    uxTopReadyPriority                       0x20000040   Data           4  tasks.o(.data)
    xSchedulerRunning                        0x20000044   Data           4  tasks.o(.data)
    uxPendedTicks                            0x20000048   Data           4  tasks.o(.data)
    xYieldPending                            0x2000004c   Data           4  tasks.o(.data)
    xNumOfOverflows                          0x20000050   Data           4  tasks.o(.data)
    uxTaskNumber                             0x20000054   Data           4  tasks.o(.data)
    xNextTaskUnblockTime                     0x20000058   Data           4  tasks.o(.data)
    xIdleTaskHandle                          0x2000005c   Data           4  tasks.o(.data)
    uxSchedulerSuspended                     0x20000060   Data           4  tasks.o(.data)
    .data                                    0x20000064   Section       20  timers.o(.data)
    pxCurrentTimerList                       0x20000064   Data           4  timers.o(.data)
    pxOverflowTimerList                      0x20000068   Data           4  timers.o(.data)
    xTimerQueue                              0x2000006c   Data           4  timers.o(.data)
    xTimerTaskHandle                         0x20000070   Data           4  timers.o(.data)
    xLastTime                                0x20000074   Data           4  timers.o(.data)
    .data                                    0x20000078   Section        4  cmsis_os2.o(.data)
    KernelState                              0x20000078   Data           4  cmsis_os2.o(.data)
    .data                                    0x2000007c   Section       24  heap_4.o(.data)
    pxEnd                                    0x2000007c   Data           4  heap_4.o(.data)
    xFreeBytesRemaining                      0x20000080   Data           4  heap_4.o(.data)
    xMinimumEverFreeBytesRemaining           0x20000084   Data           4  heap_4.o(.data)
    xBlockAllocatedBit                       0x20000088   Data           4  heap_4.o(.data)
    xStart                                   0x2000008c   Data           8  heap_4.o(.data)
    .data                                    0x20000094   Section       12  port.o(.data)
    ucMaxSysCallPriority                     0x20000094   Data           1  port.o(.data)
    uxCriticalNesting                        0x20000098   Data           4  port.o(.data)
    ulMaxPRIGROUPValue                       0x2000009c   Data           4  port.o(.data)
    .data                                    0x200000a0   Section        8  lcd_1.o(.data)
    .data                                    0x200000a8   Section        4  usart.o(.data)
    .bss                                     0x200000ac   Section       72  fsmc.o(.bss)
    .bss                                     0x200000f4   Section       72  stm32f1xx_hal_timebase_tim.o(.bss)
    .bss                                     0x2000013c   Section       64  queue.o(.bss)
    .bss                                     0x2000017c   Section     1220  tasks.o(.bss)
    pxReadyTasksLists                        0x2000017c   Data        1120  tasks.o(.bss)
    xDelayedTaskList1                        0x200005dc   Data          20  tasks.o(.bss)
    xDelayedTaskList2                        0x200005f0   Data          20  tasks.o(.bss)
    xPendingReadyList                        0x20000604   Data          20  tasks.o(.bss)
    xTasksWaitingTermination                 0x20000618   Data          20  tasks.o(.bss)
    xSuspendedTaskList                       0x2000062c   Data          20  tasks.o(.bss)
    .bss                                     0x20000640   Section      280  timers.o(.bss)
    xActiveTimerList1                        0x20000640   Data          20  timers.o(.bss)
    xActiveTimerList2                        0x20000654   Data          20  timers.o(.bss)
    xStaticTimerQueue                        0x20000668   Data          80  timers.o(.bss)
    ucStaticTimerQueueStorage                0x200006b8   Data         160  timers.o(.bss)
    .bss                                     0x20000758   Section     1720  cmsis_os2.o(.bss)
    Idle_TCB                                 0x20000758   Data          92  cmsis_os2.o(.bss)
    Idle_Stack                               0x200007b4   Data         512  cmsis_os2.o(.bss)
    Timer_TCB                                0x200009b4   Data          92  cmsis_os2.o(.bss)
    Timer_Stack                              0x20000a10   Data        1024  cmsis_os2.o(.bss)
    .bss                                     0x20000e10   Section     3072  heap_4.o(.bss)
    ucHeap                                   0x20000e10   Data        3072  heap_4.o(.bss)
    .bss                                     0x20001a10   Section       86  lcd_1.o(.bss)
    .bss                                     0x20001a68   Section      272  usart.o(.bss)
    .bss                                     0x20001b78   Section       96  libspace.o(.bss)
    HEAP                                     0x20001bd8   Section      512  startup_stm32f103xe.o(HEAP)
    Heap_Mem                                 0x20001bd8   Data         512  startup_stm32f103xe.o(HEAP)
    STACK                                    0x20001dd8   Section     1024  startup_stm32f103xe.o(STACK)
    Stack_Mem                                0x20001dd8   Data        1024  startup_stm32f103xe.o(STACK)
    __initial_sp                             0x200021d8   Data           0  startup_stm32f103xe.o(STACK)

    Global Symbols

    Symbol Name                              Value     Ov Type        Size  Object(Section)

    BuildAttributes$$THM_ISAv4$P$D$K$B$S$PE$A:L22UL41UL21$X:L11$S22US41US21$IEEE1$IW$USESV6$~STKCKD$USESV7$~SHL$OSPACE$ROPI$EBA8$UX$STANDARDLIB$REQ8$PRES8$EABIv2 0x00000000   Number         0  anon$$obj.o ABSOLUTE
    __ARM_use_no_argv                        0x00000000   Number         0  main.o ABSOLUTE
    __ARM_exceptions_init                     - Undefined Weak Reference
    __alloca_initialize                       - Undefined Weak Reference
    __arm_fini_                               - Undefined Weak Reference
    __arm_preinit_                            - Undefined Weak Reference
    __cpp_initialize__aeabi_                  - Undefined Weak Reference
    __cxa_finalize                            - Undefined Weak Reference
    __rt_locale                               - Undefined Weak Reference
    __sigvec_lookup                           - Undefined Weak Reference
    _atexit_init                              - Undefined Weak Reference
    _call_atexit_fns                          - Undefined Weak Reference
    _clock_init                               - Undefined Weak Reference
    _fp_trap_init                             - Undefined Weak Reference
    _fp_trap_shutdown                         - Undefined Weak Reference
    _get_lc_collate                           - Undefined Weak Reference
    _get_lc_ctype                             - Undefined Weak Reference
    _get_lc_monetary                          - Undefined Weak Reference
    _get_lc_numeric                           - Undefined Weak Reference
    _get_lc_time                              - Undefined Weak Reference
    _getenv_init                              - Undefined Weak Reference
    _handle_redirection                       - Undefined Weak Reference
    _init_alloc                               - Undefined Weak Reference
    _init_user_alloc                          - Undefined Weak Reference
    _initio                                   - Undefined Weak Reference
    _mutex_acquire                            - Undefined Weak Reference
    _mutex_release                            - Undefined Weak Reference
    _printf_post_padding                      - Undefined Weak Reference
    _printf_pre_padding                       - Undefined Weak Reference
    _printf_truncate_signed                   - Undefined Weak Reference
    _printf_truncate_unsigned                 - Undefined Weak Reference
    _rand_init                                - Undefined Weak Reference
    _signal_finish                            - Undefined Weak Reference
    _signal_init                              - Undefined Weak Reference
    _terminate_alloc                          - Undefined Weak Reference
    _terminate_user_alloc                     - Undefined Weak Reference
    _terminateio                              - Undefined Weak Reference
    __Vectors_Size                           0x00000130   Number         0  startup_stm32f103xe.o ABSOLUTE
    __Vectors                                0x08000000   Data           4  startup_stm32f103xe.o(RESET)
    __Vectors_End                            0x08000130   Data           0  startup_stm32f103xe.o(RESET)
    __main                                   0x08000131   Thumb Code     8  __main.o(!!!main)
    __scatterload                            0x08000139   Thumb Code     0  __scatter.o(!!!scatter)
    __scatterload_rt2                        0x08000139   Thumb Code    44  __scatter.o(!!!scatter)
    __scatterload_rt2_thumb_only             0x08000139   Thumb Code     0  __scatter.o(!!!scatter)
    __scatterload_null                       0x08000147   Thumb Code     0  __scatter.o(!!!scatter)
    __scatterload_copy                       0x0800016d   Thumb Code    26  __scatter_copy.o(!!handler_copy)
    __scatterload_zeroinit                   0x08000189   Thumb Code    28  __scatter_zi.o(!!handler_zi)
    __rt_lib_init                            0x080001a5   Thumb Code     0  libinit.o(.ARM.Collect$$libinit$$00000000)
    __rt_lib_init_alloca_1                   0x080001a7   Thumb Code     0  libinit2.o(.ARM.Collect$$libinit$$0000002E)
    __rt_lib_init_argv_1                     0x080001a7   Thumb Code     0  libinit2.o(.ARM.Collect$$libinit$$0000002C)
    __rt_lib_init_atexit_1                   0x080001a7   Thumb Code     0  libinit2.o(.ARM.Collect$$libinit$$0000001B)
    __rt_lib_init_clock_1                    0x080001a7   Thumb Code     0  libinit2.o(.ARM.Collect$$libinit$$00000021)
    __rt_lib_init_cpp_1                      0x080001a7   Thumb Code     0  libinit2.o(.ARM.Collect$$libinit$$00000032)
    __rt_lib_init_exceptions_1               0x080001a7   Thumb Code     0  libinit2.o(.ARM.Collect$$libinit$$00000030)
    __rt_lib_init_fp_1                       0x080001a7   Thumb Code     0  libinit2.o(.ARM.Collect$$libinit$$00000002)
    __rt_lib_init_fp_trap_1                  0x080001a7   Thumb Code     0  libinit2.o(.ARM.Collect$$libinit$$0000001F)
    __rt_lib_init_getenv_1                   0x080001a7   Thumb Code     0  libinit2.o(.ARM.Collect$$libinit$$00000023)
    __rt_lib_init_heap_1                     0x080001a7   Thumb Code     0  libinit2.o(.ARM.Collect$$libinit$$0000000A)
    __rt_lib_init_lc_collate_1               0x080001a7   Thumb Code     0  libinit2.o(.ARM.Collect$$libinit$$00000011)
    __rt_lib_init_lc_ctype_1                 0x080001a7   Thumb Code     0  libinit2.o(.ARM.Collect$$libinit$$00000013)
    __rt_lib_init_lc_monetary_1              0x080001a7   Thumb Code     0  libinit2.o(.ARM.Collect$$libinit$$00000015)
    __rt_lib_init_lc_numeric_1               0x080001a7   Thumb Code     0  libinit2.o(.ARM.Collect$$libinit$$00000017)
    __rt_lib_init_lc_time_1                  0x080001a7   Thumb Code     0  libinit2.o(.ARM.Collect$$libinit$$00000019)
    __rt_lib_init_preinit_1                  0x080001a7   Thumb Code     0  libinit2.o(.ARM.Collect$$libinit$$00000004)
    __rt_lib_init_rand_1                     0x080001a7   Thumb Code     0  libinit2.o(.ARM.Collect$$libinit$$0000000E)
    __rt_lib_init_return                     0x080001a7   Thumb Code     0  libinit2.o(.ARM.Collect$$libinit$$00000033)
    __rt_lib_init_signal_1                   0x080001a7   Thumb Code     0  libinit2.o(.ARM.Collect$$libinit$$0000001D)
    __rt_lib_init_stdio_1                    0x080001a7   Thumb Code     0  libinit2.o(.ARM.Collect$$libinit$$00000025)
    __rt_lib_init_user_alloc_1               0x080001a7   Thumb Code     0  libinit2.o(.ARM.Collect$$libinit$$0000000C)
    __rt_lib_shutdown                        0x080001a9   Thumb Code     0  libshutdown.o(.ARM.Collect$$libshutdown$$00000000)
    __rt_lib_shutdown_cpp_1                  0x080001ab   Thumb Code     0  libshutdown2.o(.ARM.Collect$$libshutdown$$00000004)
    __rt_lib_shutdown_fini_1                 0x080001ab   Thumb Code     0  libshutdown2.o(.ARM.Collect$$libshutdown$$00000002)
    __rt_lib_shutdown_fp_trap_1              0x080001ab   Thumb Code     0  libshutdown2.o(.ARM.Collect$$libshutdown$$00000009)
    __rt_lib_shutdown_heap_1                 0x080001ab   Thumb Code     0  libshutdown2.o(.ARM.Collect$$libshutdown$$00000011)
    __rt_lib_shutdown_return                 0x080001ab   Thumb Code     0  libshutdown2.o(.ARM.Collect$$libshutdown$$00000012)
    __rt_lib_shutdown_signal_1               0x080001ab   Thumb Code     0  libshutdown2.o(.ARM.Collect$$libshutdown$$0000000C)
    __rt_lib_shutdown_stdio_1                0x080001ab   Thumb Code     0  libshutdown2.o(.ARM.Collect$$libshutdown$$00000006)
    __rt_lib_shutdown_user_alloc_1           0x080001ab   Thumb Code     0  libshutdown2.o(.ARM.Collect$$libshutdown$$0000000E)
    __rt_entry                               0x080001ad   Thumb Code     0  __rtentry.o(.ARM.Collect$$rtentry$$00000000)
    __rt_entry_presh_1                       0x080001ad   Thumb Code     0  __rtentry2.o(.ARM.Collect$$rtentry$$00000002)
    __rt_entry_sh                            0x080001ad   Thumb Code     0  __rtentry4.o(.ARM.Collect$$rtentry$$00000004)
    __rt_entry_li                            0x080001b3   Thumb Code     0  __rtentry2.o(.ARM.Collect$$rtentry$$0000000A)
    __rt_entry_postsh_1                      0x080001b3   Thumb Code     0  __rtentry2.o(.ARM.Collect$$rtentry$$00000009)
    __rt_entry_main                          0x080001b7   Thumb Code     0  __rtentry2.o(.ARM.Collect$$rtentry$$0000000D)
    __rt_entry_postli_1                      0x080001b7   Thumb Code     0  __rtentry2.o(.ARM.Collect$$rtentry$$0000000C)
    __rt_exit                                0x080001bf   Thumb Code     0  rtexit.o(.ARM.Collect$$rtexit$$00000000)
    __rt_exit_ls                             0x080001c1   Thumb Code     0  rtexit2.o(.ARM.Collect$$rtexit$$00000003)
    __rt_exit_prels_1                        0x080001c1   Thumb Code     0  rtexit2.o(.ARM.Collect$$rtexit$$00000002)
    __rt_exit_exit                           0x080001c5   Thumb Code     0  rtexit2.o(.ARM.Collect$$rtexit$$00000004)
    SVC_Handler                              0x080001cd   Thumb Code    32  port.o(.emb_text)
    __asm___6_port_c_39a90d8d__prvStartFirstTask 0x080001f1   Thumb Code    28  port.o(.emb_text)
    PendSV_Handler                           0x08000211   Thumb Code    72  port.o(.emb_text)
    vPortGetIPSR                             0x0800025d   Thumb Code     6  port.o(.emb_text)
    Reset_Handler                            0x08000265   Thumb Code     8  startup_stm32f103xe.o(.text)
    ADC1_2_IRQHandler                        0x0800027f   Thumb Code     0  startup_stm32f103xe.o(.text)
    ADC3_IRQHandler                          0x0800027f   Thumb Code     0  startup_stm32f103xe.o(.text)
    CAN1_RX1_IRQHandler                      0x0800027f   Thumb Code     0  startup_stm32f103xe.o(.text)
    CAN1_SCE_IRQHandler                      0x0800027f   Thumb Code     0  startup_stm32f103xe.o(.text)
    DMA1_Channel1_IRQHandler                 0x0800027f   Thumb Code     0  startup_stm32f103xe.o(.text)
    DMA1_Channel2_IRQHandler                 0x0800027f   Thumb Code     0  startup_stm32f103xe.o(.text)
    DMA1_Channel3_IRQHandler                 0x0800027f   Thumb Code     0  startup_stm32f103xe.o(.text)
    DMA1_Channel4_IRQHandler                 0x0800027f   Thumb Code     0  startup_stm32f103xe.o(.text)
    DMA1_Channel5_IRQHandler                 0x0800027f   Thumb Code     0  startup_stm32f103xe.o(.text)
    DMA1_Channel6_IRQHandler                 0x0800027f   Thumb Code     0  startup_stm32f103xe.o(.text)
    DMA1_Channel7_IRQHandler                 0x0800027f   Thumb Code     0  startup_stm32f103xe.o(.text)
    DMA2_Channel1_IRQHandler                 0x0800027f   Thumb Code     0  startup_stm32f103xe.o(.text)
    DMA2_Channel2_IRQHandler                 0x0800027f   Thumb Code     0  startup_stm32f103xe.o(.text)
    DMA2_Channel3_IRQHandler                 0x0800027f   Thumb Code     0  startup_stm32f103xe.o(.text)
    DMA2_Channel4_5_IRQHandler               0x0800027f   Thumb Code     0  startup_stm32f103xe.o(.text)
    EXTI0_IRQHandler                         0x0800027f   Thumb Code     0  startup_stm32f103xe.o(.text)
    EXTI15_10_IRQHandler                     0x0800027f   Thumb Code     0  startup_stm32f103xe.o(.text)
    EXTI1_IRQHandler                         0x0800027f   Thumb Code     0  startup_stm32f103xe.o(.text)
    EXTI2_IRQHandler                         0x0800027f   Thumb Code     0  startup_stm32f103xe.o(.text)
    EXTI3_IRQHandler                         0x0800027f   Thumb Code     0  startup_stm32f103xe.o(.text)
    EXTI4_IRQHandler                         0x0800027f   Thumb Code     0  startup_stm32f103xe.o(.text)
    EXTI9_5_IRQHandler                       0x0800027f   Thumb Code     0  startup_stm32f103xe.o(.text)
    FLASH_IRQHandler                         0x0800027f   Thumb Code     0  startup_stm32f103xe.o(.text)
    FSMC_IRQHandler                          0x0800027f   Thumb Code     0  startup_stm32f103xe.o(.text)
    I2C1_ER_IRQHandler                       0x0800027f   Thumb Code     0  startup_stm32f103xe.o(.text)
    I2C1_EV_IRQHandler                       0x0800027f   Thumb Code     0  startup_stm32f103xe.o(.text)
    I2C2_ER_IRQHandler                       0x0800027f   Thumb Code     0  startup_stm32f103xe.o(.text)
    I2C2_EV_IRQHandler                       0x0800027f   Thumb Code     0  startup_stm32f103xe.o(.text)
    PVD_IRQHandler                           0x0800027f   Thumb Code     0  startup_stm32f103xe.o(.text)
    RCC_IRQHandler                           0x0800027f   Thumb Code     0  startup_stm32f103xe.o(.text)
    RTC_Alarm_IRQHandler                     0x0800027f   Thumb Code     0  startup_stm32f103xe.o(.text)
    RTC_IRQHandler                           0x0800027f   Thumb Code     0  startup_stm32f103xe.o(.text)
    SDIO_IRQHandler                          0x0800027f   Thumb Code     0  startup_stm32f103xe.o(.text)
    SPI1_IRQHandler                          0x0800027f   Thumb Code     0  startup_stm32f103xe.o(.text)
    SPI2_IRQHandler                          0x0800027f   Thumb Code     0  startup_stm32f103xe.o(.text)
    SPI3_IRQHandler                          0x0800027f   Thumb Code     0  startup_stm32f103xe.o(.text)
    TAMPER_IRQHandler                        0x0800027f   Thumb Code     0  startup_stm32f103xe.o(.text)
    TIM1_BRK_IRQHandler                      0x0800027f   Thumb Code     0  startup_stm32f103xe.o(.text)
    TIM1_CC_IRQHandler                       0x0800027f   Thumb Code     0  startup_stm32f103xe.o(.text)
    TIM1_TRG_COM_IRQHandler                  0x0800027f   Thumb Code     0  startup_stm32f103xe.o(.text)
    TIM1_UP_IRQHandler                       0x0800027f   Thumb Code     0  startup_stm32f103xe.o(.text)
    TIM2_IRQHandler                          0x0800027f   Thumb Code     0  startup_stm32f103xe.o(.text)
    TIM3_IRQHandler                          0x0800027f   Thumb Code     0  startup_stm32f103xe.o(.text)
    TIM5_IRQHandler                          0x0800027f   Thumb Code     0  startup_stm32f103xe.o(.text)
    TIM6_IRQHandler                          0x0800027f   Thumb Code     0  startup_stm32f103xe.o(.text)
    TIM7_IRQHandler                          0x0800027f   Thumb Code     0  startup_stm32f103xe.o(.text)
    TIM8_BRK_IRQHandler                      0x0800027f   Thumb Code     0  startup_stm32f103xe.o(.text)
    TIM8_CC_IRQHandler                       0x0800027f   Thumb Code     0  startup_stm32f103xe.o(.text)
    TIM8_TRG_COM_IRQHandler                  0x0800027f   Thumb Code     0  startup_stm32f103xe.o(.text)
    TIM8_UP_IRQHandler                       0x0800027f   Thumb Code     0  startup_stm32f103xe.o(.text)
    UART4_IRQHandler                         0x0800027f   Thumb Code     0  startup_stm32f103xe.o(.text)
    UART5_IRQHandler                         0x0800027f   Thumb Code     0  startup_stm32f103xe.o(.text)
    USART2_IRQHandler                        0x0800027f   Thumb Code     0  startup_stm32f103xe.o(.text)
    USART3_IRQHandler                        0x0800027f   Thumb Code     0  startup_stm32f103xe.o(.text)
    USBWakeUp_IRQHandler                     0x0800027f   Thumb Code     0  startup_stm32f103xe.o(.text)
    USB_HP_CAN1_TX_IRQHandler                0x0800027f   Thumb Code     0  startup_stm32f103xe.o(.text)
    USB_LP_CAN1_RX0_IRQHandler               0x0800027f   Thumb Code     0  startup_stm32f103xe.o(.text)
    WWDG_IRQHandler                          0x0800027f   Thumb Code     0  startup_stm32f103xe.o(.text)
    __user_initial_stackheap                 0x08000281   Thumb Code     0  startup_stm32f103xe.o(.text)
    __use_no_semihosting                     0x080002a5   Thumb Code     2  use_no_semi_2.o(.text)
    __aeabi_memcpy                           0x080002a7   Thumb Code     0  rt_memcpy_v6.o(.text)
    __rt_memcpy                              0x080002a7   Thumb Code   138  rt_memcpy_v6.o(.text)
    _memcpy_lastbytes                        0x0800030d   Thumb Code     0  rt_memcpy_v6.o(.text)
    __aeabi_memset                           0x08000331   Thumb Code    16  aeabi_memset.o(.text)
    __aeabi_memclr4                          0x08000341   Thumb Code     0  rt_memclr_w.o(.text)
    __aeabi_memclr8                          0x08000341   Thumb Code     0  rt_memclr_w.o(.text)
    __rt_memclr_w                            0x08000341   Thumb Code    78  rt_memclr_w.o(.text)
    _memset_w                                0x08000345   Thumb Code     0  rt_memclr_w.o(.text)
    __use_two_region_memory                  0x0800038f   Thumb Code     2  heapauxi.o(.text)
    __rt_heap_escrow$2region                 0x08000391   Thumb Code     2  heapauxi.o(.text)
    __rt_heap_expand$2region                 0x08000393   Thumb Code     2  heapauxi.o(.text)
    __I$use$semihosting                      0x08000395   Thumb Code     0  use_no_semi.o(.text)
    __use_no_semihosting_swi                 0x08000395   Thumb Code     2  use_no_semi.o(.text)
    __aeabi_memcpy4                          0x08000397   Thumb Code     0  rt_memcpy_w.o(.text)
    __aeabi_memcpy8                          0x08000397   Thumb Code     0  rt_memcpy_w.o(.text)
    __rt_memcpy_w                            0x08000397   Thumb Code   100  rt_memcpy_w.o(.text)
    _memcpy_lastbytes_aligned                0x080003df   Thumb Code     0  rt_memcpy_w.o(.text)
    __aeabi_memclr                           0x080003fb   Thumb Code     0  rt_memclr.o(.text)
    __rt_memclr                              0x080003fb   Thumb Code    68  rt_memclr.o(.text)
    _memset                                  0x080003ff   Thumb Code     0  rt_memclr.o(.text)
    __user_setup_stackheap                   0x0800043f   Thumb Code    74  sys_stackheap_outer.o(.text)
    exit                                     0x08000489   Thumb Code    18  exit.o(.text)
    __user_libspace                          0x0800049d   Thumb Code     8  libspace.o(.text)
    __user_perproc_libspace                  0x0800049d   Thumb Code     0  libspace.o(.text)
    __user_perthread_libspace                0x0800049d   Thumb Code     0  libspace.o(.text)
    BusFault_Handler                         0x080004a5   Thumb Code     2  stm32f1xx_it.o(i.BusFault_Handler)
    DebugMon_Handler                         0x080004a7   Thumb Code     2  stm32f1xx_it.o(i.DebugMon_Handler)
    Error_Handler                            0x080004a9   Thumb Code     4  main.o(i.Error_Handler)
    FSMC_NORSRAM_Extended_Timing_Init        0x080004ad   Thumb Code    56  stm32f1xx_ll_fsmc.o(i.FSMC_NORSRAM_Extended_Timing_Init)
    FSMC_NORSRAM_Init                        0x080004e9   Thumb Code    98  stm32f1xx_ll_fsmc.o(i.FSMC_NORSRAM_Init)
    FSMC_NORSRAM_Timing_Init                 0x08000551   Thumb Code    64  stm32f1xx_ll_fsmc.o(i.FSMC_NORSRAM_Timing_Init)
    HAL_DMA_Abort                            0x08000595   Thumb Code    70  stm32f1xx_hal_dma.o(i.HAL_DMA_Abort)
    HAL_DMA_Abort_IT                         0x080005dd   Thumb Code   296  stm32f1xx_hal_dma.o(i.HAL_DMA_Abort_IT)
    HAL_GPIO_Init                            0x0800079d   Thumb Code   462  stm32f1xx_hal_gpio.o(i.HAL_GPIO_Init)
    HAL_GetTick                              0x08000995   Thumb Code     6  stm32f1xx_hal.o(i.HAL_GetTick)
    HAL_IncTick                              0x080009a1   Thumb Code    12  stm32f1xx_hal.o(i.HAL_IncTick)
    HAL_Init                                 0x080009b1   Thumb Code    32  stm32f1xx_hal.o(i.HAL_Init)
    HAL_InitTick                             0x080009d5   Thumb Code   100  stm32f1xx_hal_timebase_tim.o(i.HAL_InitTick)
    HAL_MspInit                              0x08000a49   Thumb Code    62  stm32f1xx_hal_msp.o(i.HAL_MspInit)
    HAL_NVIC_EnableIRQ                       0x08000a91   Thumb Code    26  stm32f1xx_hal_cortex.o(i.HAL_NVIC_EnableIRQ)
    HAL_NVIC_SetPriority                     0x08000aad   Thumb Code    60  stm32f1xx_hal_cortex.o(i.HAL_NVIC_SetPriority)
    HAL_NVIC_SetPriorityGrouping             0x08000aed   Thumb Code    26  stm32f1xx_hal_cortex.o(i.HAL_NVIC_SetPriorityGrouping)
    HAL_RCC_ClockConfig                      0x08000b11   Thumb Code   280  stm32f1xx_hal_rcc.o(i.HAL_RCC_ClockConfig)
    HAL_RCC_GetClockConfig                   0x08000c3d   Thumb Code    54  stm32f1xx_hal_rcc.o(i.HAL_RCC_GetClockConfig)
    HAL_RCC_GetPCLK1Freq                     0x08000c7d   Thumb Code    20  stm32f1xx_hal_rcc.o(i.HAL_RCC_GetPCLK1Freq)
    HAL_RCC_GetSysClockFreq                  0x08000c9d   Thumb Code    58  stm32f1xx_hal_rcc.o(i.HAL_RCC_GetSysClockFreq)
    HAL_RCC_OscConfig                        0x08000ce9   Thumb Code   778  stm32f1xx_hal_rcc.o(i.HAL_RCC_OscConfig)
    HAL_SRAM_Init                            0x08001009   Thumb Code   100  stm32f1xx_hal_sram.o(i.HAL_SRAM_Init)
    HAL_SRAM_MspInit                         0x0800106d   Thumb Code     4  fsmc.o(i.HAL_SRAM_MspInit)
    HAL_TIMEx_BreakCallback                  0x08001071   Thumb Code     2  stm32f1xx_hal_tim_ex.o(i.HAL_TIMEx_BreakCallback)
    HAL_TIMEx_CommutCallback                 0x08001073   Thumb Code     2  stm32f1xx_hal_tim_ex.o(i.HAL_TIMEx_CommutCallback)
    HAL_TIM_Base_Init                        0x08001075   Thumb Code    90  stm32f1xx_hal_tim.o(i.HAL_TIM_Base_Init)
    HAL_TIM_Base_MspInit                     0x080010cf   Thumb Code     2  stm32f1xx_hal_tim.o(i.HAL_TIM_Base_MspInit)
    HAL_TIM_Base_Start_IT                    0x080010d1   Thumb Code    88  stm32f1xx_hal_tim.o(i.HAL_TIM_Base_Start_IT)
    HAL_TIM_IC_CaptureCallback               0x0800113d   Thumb Code     2  stm32f1xx_hal_tim.o(i.HAL_TIM_IC_CaptureCallback)
    HAL_TIM_IRQHandler                       0x0800113f   Thumb Code   358  stm32f1xx_hal_tim.o(i.HAL_TIM_IRQHandler)
    HAL_TIM_OC_DelayElapsedCallback          0x080012a5   Thumb Code     2  stm32f1xx_hal_tim.o(i.HAL_TIM_OC_DelayElapsedCallback)
    HAL_TIM_PWM_PulseFinishedCallback        0x080012a7   Thumb Code     2  stm32f1xx_hal_tim.o(i.HAL_TIM_PWM_PulseFinishedCallback)
    HAL_TIM_PeriodElapsedCallback            0x080012a9   Thumb Code    14  main.o(i.HAL_TIM_PeriodElapsedCallback)
    HAL_TIM_TriggerCallback                  0x080012bd   Thumb Code     2  stm32f1xx_hal_tim.o(i.HAL_TIM_TriggerCallback)
    HAL_UARTEx_RxEventCallback               0x080012bf   Thumb Code     2  stm32f1xx_hal_uart.o(i.HAL_UARTEx_RxEventCallback)
    HAL_UART_ErrorCallback                   0x080012c1   Thumb Code     2  stm32f1xx_hal_uart.o(i.HAL_UART_ErrorCallback)
    HAL_UART_GetState                        0x080012c3   Thumb Code    10  stm32f1xx_hal_uart.o(i.HAL_UART_GetState)
    HAL_UART_IRQHandler                      0x080012cd   Thumb Code   616  stm32f1xx_hal_uart.o(i.HAL_UART_IRQHandler)
    HAL_UART_Receive_IT                      0x08001539   Thumb Code    28  stm32f1xx_hal_uart.o(i.HAL_UART_Receive_IT)
    HAL_UART_RxCpltCallback                  0x08001555   Thumb Code    76  usart.o(i.HAL_UART_RxCpltCallback)
    HAL_UART_TxCpltCallback                  0x080015ad   Thumb Code     2  stm32f1xx_hal_uart.o(i.HAL_UART_TxCpltCallback)
    HardFault_Handler                        0x080015af   Thumb Code     2  stm32f1xx_it.o(i.HardFault_Handler)
    LCD_Fast_DrawPoint                       0x080015b1   Thumb Code   218  lcd_1.o(i.LCD_Fast_DrawPoint)
    LCD_Print                                0x08001695   Thumb Code    50  lcd_1.o(i.LCD_Print)
    LCD_ShowChar                             0x080016c9   Thumb Code   236  lcd_1.o(i.LCD_ShowChar)
    LCD_ShowFloat                            0x080017d5   Thumb Code   722  lcd_1.o(i.LCD_ShowFloat)
    LCD_Show_Chinese                         0x08001ac1   Thumb Code   630  lcd_1.o(i.LCD_Show_Chinese)
    LCD_Show_Chinese_String                  0x08001d5d   Thumb Code   108  lcd_1.o(i.LCD_Show_Chinese_String)
    LCD_WR_DATA                              0x08001dc9   Thumb Code    20  lcd_1.o(i.LCD_WR_DATA)
    LCD_WR_REG                               0x08001de1   Thumb Code    20  lcd_1.o(i.LCD_WR_REG)
    MX_FREERTOS_Init                         0x08001df9   Thumb Code   222  freertos.o(i.MX_FREERTOS_Init)
    MX_FSMC_Init                             0x08001fad   Thumb Code   134  fsmc.o(i.MX_FSMC_Init)
    MX_GPIO_Init                             0x08002041   Thumb Code    86  gpio.o(i.MX_GPIO_Init)
    MemManage_Handler                        0x0800209d   Thumb Code     2  stm32f1xx_it.o(i.MemManage_Handler)
    NMI_Handler                              0x0800209f   Thumb Code     2  stm32f1xx_it.o(i.NMI_Handler)
    StartDefaultTask                         0x080020a1   Thumb Code     8  freertos.o(i.StartDefaultTask)
    SysTick_Handler                          0x080020a9   Thumb Code    38  port.o(i.SysTick_Handler)
    SystemClock_Config                       0x080020d5   Thumb Code    94  main.o(i.SystemClock_Config)
    SystemInit                               0x08002133   Thumb Code     2  system_stm32f1xx.o(i.SystemInit)
    TIM4_IRQHandler                          0x08002135   Thumb Code     6  stm32f1xx_it.o(i.TIM4_IRQHandler)
    TIM_Base_SetConfig                       0x08002141   Thumb Code   120  stm32f1xx_hal_tim.o(i.TIM_Base_SetConfig)
    UART_Start_Receive_IT                    0x080022ed   Thumb Code    54  stm32f1xx_hal_uart.o(i.UART_Start_Receive_IT)
    USART1_IRQHandler                        0x08002325   Thumb Code    34  usart.o(i.USART1_IRQHandler)
    UsageFault_Handler                       0x08002351   Thumb Code     2  stm32f1xx_it.o(i.UsageFault_Handler)
    _sys_exit                                0x08002373   Thumb Code     2  usart.o(i._sys_exit)
    main                                     0x08002375   Thumb Code    30  main.o(i.main)
    osDelay                                  0x08002395   Thumb Code    46  cmsis_os2.o(i.osDelay)
    osKernelInitialize                       0x080023c9   Thumb Code    50  cmsis_os2.o(i.osKernelInitialize)
    osKernelStart                            0x08002401   Thumb Code    58  cmsis_os2.o(i.osKernelStart)
    osThreadNew                              0x08002441   Thumb Code   160  cmsis_os2.o(i.osThreadNew)
    pvPortMalloc                             0x08002c29   Thumb Code   210  heap_4.o(i.pvPortMalloc)
    pxPortInitialiseStack                    0x08002d01   Thumb Code    32  port.o(i.pxPortInitialiseStack)
    uxListRemove                             0x08002d25   Thumb Code    38  list.o(i.uxListRemove)
    vApplicationGetIdleTaskMemory            0x08002d4d   Thumb Code    16  cmsis_os2.o(i.vApplicationGetIdleTaskMemory)
    vApplicationGetTimerTaskMemory           0x08002d61   Thumb Code    18  cmsis_os2.o(i.vApplicationGetTimerTaskMemory)
    vListInitialise                          0x08002d79   Thumb Code    22  list.o(i.vListInitialise)
    vListInitialiseItem                      0x08002d8f   Thumb Code     6  list.o(i.vListInitialiseItem)
    vListInsert                              0x08002d95   Thumb Code    48  list.o(i.vListInsert)
    vListInsertEnd                           0x08002dc5   Thumb Code    24  list.o(i.vListInsertEnd)
    vPortEnterCritical                       0x08002ddd   Thumb Code    54  port.o(i.vPortEnterCritical)
    vPortExitCritical                        0x08002e1d   Thumb Code    34  port.o(i.vPortExitCritical)
    vPortFree                                0x08002e45   Thumb Code    88  heap_4.o(i.vPortFree)
    vPortSetupTimerInterrupt                 0x08002ea1   Thumb Code    32  port.o(i.vPortSetupTimerInterrupt)
    vPortValidateInterruptPriority           0x08002ec5   Thumb Code    74  port.o(i.vPortValidateInterruptPriority)
    vQueueAddToRegistry                      0x08002f19   Thumb Code    34  queue.o(i.vQueueAddToRegistry)
    vQueueWaitForMessageRestricted           0x08002f41   Thumb Code    68  queue.o(i.vQueueWaitForMessageRestricted)
    vTaskDelay                               0x08002f85   Thumb Code    66  tasks.o(i.vTaskDelay)
    vTaskInternalSetTimeOutState             0x08002fd1   Thumb Code    12  tasks.o(i.vTaskInternalSetTimeOutState)
    vTaskMissedYield                         0x08002fe1   Thumb Code     8  tasks.o(i.vTaskMissedYield)
    vTaskPlaceOnEventList                    0x08002fed   Thumb Code    44  tasks.o(i.vTaskPlaceOnEventList)
    vTaskPlaceOnEventListRestricted          0x0800301d   Thumb Code    52  tasks.o(i.vTaskPlaceOnEventListRestricted)
    vTaskStartScheduler                      0x08003055   Thumb Code   118  tasks.o(i.vTaskStartScheduler)
    vTaskSuspendAll                          0x080030dd   Thumb Code    10  tasks.o(i.vTaskSuspendAll)
    vTaskSwitchContext                       0x080030ed   Thumb Code    90  tasks.o(i.vTaskSwitchContext)
    xPortStartScheduler                      0x08003151   Thumb Code   154  port.o(i.xPortStartScheduler)
    xQueueGenericCreateStatic                0x080031f9   Thumb Code   102  queue.o(i.xQueueGenericCreateStatic)
    xQueueGenericReset                       0x08003261   Thumb Code   132  queue.o(i.xQueueGenericReset)
    xQueueGenericSend                        0x080032e9   Thumb Code   346  queue.o(i.xQueueGenericSend)
    xQueueGenericSendFromISR                 0x08003449   Thumb Code   188  queue.o(i.xQueueGenericSendFromISR)
    xQueueReceive                            0x08003505   Thumb Code   308  queue.o(i.xQueueReceive)
    xTaskCheckForTimeOut                     0x0800363d   Thumb Code   112  tasks.o(i.xTaskCheckForTimeOut)
    xTaskCreate                              0x080036b1   Thumb Code    90  tasks.o(i.xTaskCreate)
    xTaskCreateStatic                        0x0800370b   Thumb Code    86  tasks.o(i.xTaskCreateStatic)
    xTaskGetSchedulerState                   0x08003761   Thumb Code    22  tasks.o(i.xTaskGetSchedulerState)
    xTaskGetTickCount                        0x0800377d   Thumb Code     6  tasks.o(i.xTaskGetTickCount)
    xTaskIncrementTick                       0x08003789   Thumb Code   190  tasks.o(i.xTaskIncrementTick)
    xTaskPriorityDisinherit                  0x08003851   Thumb Code   118  tasks.o(i.xTaskPriorityDisinherit)
    xTaskRemoveFromEventList                 0x080038d1   Thumb Code    98  tasks.o(i.xTaskRemoveFromEventList)
    xTaskResumeAll                           0x08003941   Thumb Code   182  tasks.o(i.xTaskResumeAll)
    xTimerCreateTimerTask                    0x08003a05   Thumb Code    78  timers.o(i.xTimerCreateTimerTask)
    xTimerGenericCommand                     0x08003a65   Thumb Code    98  timers.o(i.xTimerGenericCommand)
    __aeabi_dadd                             0x08003acd   Thumb Code     0  daddsub_clz.o(x$fpl$dadd)
    _dadd                                    0x08003acd   Thumb Code   332  daddsub_clz.o(x$fpl$dadd)
    __fpl_dcheck_NaN1                        0x08003c1d   Thumb Code    10  dcheck1.o(x$fpl$dcheck1)
    __aeabi_d2uiz                            0x08003c2d   Thumb Code     0  dfixu.o(x$fpl$dfixu)
    _dfixu                                   0x08003c2d   Thumb Code    90  dfixu.o(x$fpl$dfixu)
    __aeabi_ui2d                             0x08003c87   Thumb Code     0  dflt_clz.o(x$fpl$dfltu)
    _dfltu                                   0x08003c87   Thumb Code    38  dflt_clz.o(x$fpl$dfltu)
    __aeabi_dmul                             0x08003cad   Thumb Code     0  dmul.o(x$fpl$dmul)
    _dmul                                    0x08003cad   Thumb Code   332  dmul.o(x$fpl$dmul)
    __fpl_dnaninf                            0x08003e01   Thumb Code   156  dnaninf.o(x$fpl$dnaninf)
    __fpl_dretinf                            0x08003e9d   Thumb Code    12  dretinf.o(x$fpl$dretinf)
    __aeabi_dsub                             0x08003ea9   Thumb Code     0  daddsub_clz.o(x$fpl$dsub)
    _dsub                                    0x08003ea9   Thumb Code   464  daddsub_clz.o(x$fpl$dsub)
    __aeabi_f2iz                             0x0800407d   Thumb Code     0  ffix.o(x$fpl$ffix)
    _ffix                                    0x0800407d   Thumb Code    54  ffix.o(x$fpl$ffix)
    __aeabi_fmul                             0x080040b5   Thumb Code     0  fmul.o(x$fpl$fmul)
    _fmul                                    0x080040b5   Thumb Code   258  fmul.o(x$fpl$fmul)
    __fpl_fnaninf                            0x080041b7   Thumb Code   140  fnaninf.o(x$fpl$fnaninf)
    __fpl_fretinf                            0x08004243   Thumb Code    10  fretinf.o(x$fpl$fretinf)
    __fpl_return_NaN                         0x0800424d   Thumb Code   100  retnan.o(x$fpl$retnan)
    __ARM_scalbn                             0x080042b1   Thumb Code    92  scalbn.o(x$fpl$scalbn)
    __fpl_cmpreturn                          0x0800430d   Thumb Code    48  trapv.o(x$fpl$trapveneer)
    __I$use$fp                               0x0800433c   Number         0  usenofp.o(x$fpl$usenofp)
    defaultTask_attributes                   0x0800433c   Data          36  freertos.o(.constdata)
    AHBPrescTable                            0x08004372   Data          16  system_stm32f1xx.o(.constdata)
    APBPrescTable                            0x08004382   Data           8  system_stm32f1xx.o(.constdata)
    asc2_1206                                0x0800438c   Data        1140  lcd_1.o(.constdata)
    asc2_1608                                0x08004800   Data        1520  lcd_1.o(.constdata)
    asc2_2412                                0x08004df0   Data        3420  lcd_1.o(.constdata)
    asc2_3216                                0x08005b4c   Data       12160  lcd_1.o(.constdata)
    asc2_4824                                0x08008acc   Data       13680  lcd_1.o(.constdata)
    asc2_9648                                0x0800c03c   Data       54720  lcd_1.o(.constdata)
    Chinese_12_12                            0x080195fc   Data        1156  lcd_1.o(.constdata)
    Chinese_16_16                            0x08019a80   Data        1156  lcd_1.o(.constdata)
    Chinese_24_24                            0x08019f04   Data        1156  lcd_1.o(.constdata)
    Chinese_32_32                            0x0801a388   Data       23120  lcd_1.o(.constdata)
    Chinese_40_40                            0x0801fdd8   Data        1156  lcd_1.o(.constdata)
    Chinese_48_48                            0x0802025c   Data       45084  lcd_1.o(.constdata)
    Chinese_96_96                            0x0802b278   Data        8092  lcd_1.o(.constdata)
    Speed_Number                             0x0802d214   Data       23040  lcd_1.o(.constdata)
    Region$$Table$$Base                      0x08032d08   Number         0  anon$$obj.o(Region$$Table)
    Region$$Table$$Limit                     0x08032d28   Number         0  anon$$obj.o(Region$$Table)
    defaultTaskHandle                        0x20000000   Data           4  freertos.o(.data)
    Battary_Box_Voltage                      0x20000004   Data          12  freertos.o(.data)
    uwTickFreq                               0x20000018   Data           1  stm32f1xx_hal.o(.data)
    uwTickPrio                               0x2000001c   Data           4  stm32f1xx_hal.o(.data)
    uwTick                                   0x20000020   Data           4  stm32f1xx_hal.o(.data)
    SystemCoreClock                          0x20000024   Data           4  system_stm32f1xx.o(.data)
    pxCurrentTCB                             0x20000028   Data           4  tasks.o(.data)
    POINT_COLOR                              0x200000a0   Data           4  lcd_1.o(.data)
    BACK_COLOR                               0x200000a4   Data           4  lcd_1.o(.data)
    aRxBuffer                                0x200000a8   Data           1  usart.o(.data)
    USART_RX_STA                             0x200000aa   Data           2  usart.o(.data)
    hsram4                                   0x200000ac   Data          72  fsmc.o(.bss)
    htim4                                    0x200000f4   Data          72  stm32f1xx_hal_timebase_tim.o(.bss)
    xQueueRegistry                           0x2000013c   Data          64  queue.o(.bss)
    TFTSRAM_Handler                          0x20001a10   Data          72  lcd_1.o(.bss)
    lcddev                                   0x20001a58   Data          14  lcd_1.o(.bss)
    USART_RX_BUF                             0x20001a68   Data         200  usart.o(.bss)
    UART1_Handler                            0x20001b30   Data          72  usart.o(.bss)
    __libspace_start                         0x20001b78   Data          96  libspace.o(.bss)
    __temporary_stack_top$libspace           0x20001bd8   Data           0  libspace.o(.bss)



==============================================================================

Memory Map of the image

  Image Entry point : 0x08000131

  Load Region LR_IROM1 (Base: 0x08000000, Size: 0x00032dd4, Max: 0x00080000, ABSOLUTE)

    Execution Region ER_IROM1 (Exec base: 0x08000000, Load base: 0x08000000, Size: 0x00032d28, Max: 0x00080000, ABSOLUTE)

    Exec Addr    Load Addr    Size         Type   Attr      Idx    E Section Name        Object

    0x08000000   0x08000000   0x00000130   Data   RO            3    RESET               startup_stm32f103xe.o
    0x08000130   0x08000130   0x00000008   Code   RO         5218  * !!!main             c_w.l(__main.o)
    0x08000138   0x08000138   0x00000034   Code   RO         5435    !!!scatter          c_w.l(__scatter.o)
    0x0800016c   0x0800016c   0x0000001a   Code   RO         5437    !!handler_copy      c_w.l(__scatter_copy.o)
    0x08000186   0x08000186   0x00000002   PAD
    0x08000188   0x08000188   0x0000001c   Code   RO         5439    !!handler_zi        c_w.l(__scatter_zi.o)
    0x080001a4   0x080001a4   0x00000002   Code   RO         5305    .ARM.Collect$$libinit$$00000000  c_w.l(libinit.o)
    0x080001a6   0x080001a6   0x00000000   Code   RO         5314    .ARM.Collect$$libinit$$00000002  c_w.l(libinit2.o)
    0x080001a6   0x080001a6   0x00000000   Code   RO         5316    .ARM.Collect$$libinit$$00000004  c_w.l(libinit2.o)
    0x080001a6   0x080001a6   0x00000000   Code   RO         5319    .ARM.Collect$$libinit$$0000000A  c_w.l(libinit2.o)
    0x080001a6   0x080001a6   0x00000000   Code   RO         5321    .ARM.Collect$$libinit$$0000000C  c_w.l(libinit2.o)
    0x080001a6   0x080001a6   0x00000000   Code   RO         5323    .ARM.Collect$$libinit$$0000000E  c_w.l(libinit2.o)
    0x080001a6   0x080001a6   0x00000000   Code   RO         5326    .ARM.Collect$$libinit$$00000011  c_w.l(libinit2.o)
    0x080001a6   0x080001a6   0x00000000   Code   RO         5328    .ARM.Collect$$libinit$$00000013  c_w.l(libinit2.o)
    0x080001a6   0x080001a6   0x00000000   Code   RO         5330    .ARM.Collect$$libinit$$00000015  c_w.l(libinit2.o)
    0x080001a6   0x080001a6   0x00000000   Code   RO         5332    .ARM.Collect$$libinit$$00000017  c_w.l(libinit2.o)
    0x080001a6   0x080001a6   0x00000000   Code   RO         5334    .ARM.Collect$$libinit$$00000019  c_w.l(libinit2.o)
    0x080001a6   0x080001a6   0x00000000   Code   RO         5336    .ARM.Collect$$libinit$$0000001B  c_w.l(libinit2.o)
    0x080001a6   0x080001a6   0x00000000   Code   RO         5338    .ARM.Collect$$libinit$$0000001D  c_w.l(libinit2.o)
    0x080001a6   0x080001a6   0x00000000   Code   RO         5340    .ARM.Collect$$libinit$$0000001F  c_w.l(libinit2.o)
    0x080001a6   0x080001a6   0x00000000   Code   RO         5342    .ARM.Collect$$libinit$$00000021  c_w.l(libinit2.o)
    0x080001a6   0x080001a6   0x00000000   Code   RO         5344    .ARM.Collect$$libinit$$00000023  c_w.l(libinit2.o)
    0x080001a6   0x080001a6   0x00000000   Code   RO         5346    .ARM.Collect$$libinit$$00000025  c_w.l(libinit2.o)
    0x080001a6   0x080001a6   0x00000000   Code   RO         5350    .ARM.Collect$$libinit$$0000002C  c_w.l(libinit2.o)
    0x080001a6   0x080001a6   0x00000000   Code   RO         5352    .ARM.Collect$$libinit$$0000002E  c_w.l(libinit2.o)
    0x080001a6   0x080001a6   0x00000000   Code   RO         5354    .ARM.Collect$$libinit$$00000030  c_w.l(libinit2.o)
    0x080001a6   0x080001a6   0x00000000   Code   RO         5356    .ARM.Collect$$libinit$$00000032  c_w.l(libinit2.o)
    0x080001a6   0x080001a6   0x00000002   Code   RO         5357    .ARM.Collect$$libinit$$00000033  c_w.l(libinit2.o)
    0x080001a8   0x080001a8   0x00000002   Code   RO         5375    .ARM.Collect$$libshutdown$$00000000  c_w.l(libshutdown.o)
    0x080001aa   0x080001aa   0x00000000   Code   RO         5385    .ARM.Collect$$libshutdown$$00000002  c_w.l(libshutdown2.o)
    0x080001aa   0x080001aa   0x00000000   Code   RO         5387    .ARM.Collect$$libshutdown$$00000004  c_w.l(libshutdown2.o)
    0x080001aa   0x080001aa   0x00000000   Code   RO         5389    .ARM.Collect$$libshutdown$$00000006  c_w.l(libshutdown2.o)
    0x080001aa   0x080001aa   0x00000000   Code   RO         5392    .ARM.Collect$$libshutdown$$00000009  c_w.l(libshutdown2.o)
    0x080001aa   0x080001aa   0x00000000   Code   RO         5395    .ARM.Collect$$libshutdown$$0000000C  c_w.l(libshutdown2.o)
    0x080001aa   0x080001aa   0x00000000   Code   RO         5397    .ARM.Collect$$libshutdown$$0000000E  c_w.l(libshutdown2.o)
    0x080001aa   0x080001aa   0x00000000   Code   RO         5400    .ARM.Collect$$libshutdown$$00000011  c_w.l(libshutdown2.o)
    0x080001aa   0x080001aa   0x00000002   Code   RO         5401    .ARM.Collect$$libshutdown$$00000012  c_w.l(libshutdown2.o)
    0x080001ac   0x080001ac   0x00000000   Code   RO         5248    .ARM.Collect$$rtentry$$00000000  c_w.l(__rtentry.o)
    0x080001ac   0x080001ac   0x00000000   Code   RO         5274    .ARM.Collect$$rtentry$$00000002  c_w.l(__rtentry2.o)
    0x080001ac   0x080001ac   0x00000006   Code   RO         5286    .ARM.Collect$$rtentry$$00000004  c_w.l(__rtentry4.o)
    0x080001b2   0x080001b2   0x00000000   Code   RO         5276    .ARM.Collect$$rtentry$$00000009  c_w.l(__rtentry2.o)
    0x080001b2   0x080001b2   0x00000004   Code   RO         5277    .ARM.Collect$$rtentry$$0000000A  c_w.l(__rtentry2.o)
    0x080001b6   0x080001b6   0x00000000   Code   RO         5279    .ARM.Collect$$rtentry$$0000000C  c_w.l(__rtentry2.o)
    0x080001b6   0x080001b6   0x00000008   Code   RO         5280    .ARM.Collect$$rtentry$$0000000D  c_w.l(__rtentry2.o)
    0x080001be   0x080001be   0x00000002   Code   RO         5311    .ARM.Collect$$rtexit$$00000000  c_w.l(rtexit.o)
    0x080001c0   0x080001c0   0x00000000   Code   RO         5359    .ARM.Collect$$rtexit$$00000002  c_w.l(rtexit2.o)
    0x080001c0   0x080001c0   0x00000004   Code   RO         5360    .ARM.Collect$$rtexit$$00000003  c_w.l(rtexit2.o)
    0x080001c4   0x080001c4   0x00000006   Code   RO         5361    .ARM.Collect$$rtexit$$00000004  c_w.l(rtexit2.o)
    0x080001ca   0x080001ca   0x00000002   PAD
    0x080001cc   0x080001cc   0x00000096   Code   RO         4658    .emb_text           port.o
    0x08000262   0x08000262   0x00000002   PAD
    0x08000264   0x08000264   0x00000040   Code   RO            4    .text               startup_stm32f103xe.o
    0x080002a4   0x080002a4   0x00000002   Code   RO         5148    .text               c_w.l(use_no_semi_2.o)
    0x080002a6   0x080002a6   0x0000008a   Code   RO         5208    .text               c_w.l(rt_memcpy_v6.o)
    0x08000330   0x08000330   0x00000010   Code   RO         5212    .text               c_w.l(aeabi_memset.o)
    0x08000340   0x08000340   0x0000004e   Code   RO         5214    .text               c_w.l(rt_memclr_w.o)
    0x0800038e   0x0800038e   0x00000006   Code   RO         5216    .text               c_w.l(heapauxi.o)
    0x08000394   0x08000394   0x00000002   Code   RO         5246    .text               c_w.l(use_no_semi.o)
    0x08000396   0x08000396   0x00000064   Code   RO         5258    .text               c_w.l(rt_memcpy_w.o)
    0x080003fa   0x080003fa   0x00000044   Code   RO         5260    .text               c_w.l(rt_memclr.o)
    0x0800043e   0x0800043e   0x0000004a   Code   RO         5296    .text               c_w.l(sys_stackheap_outer.o)
    0x08000488   0x08000488   0x00000012   Code   RO         5298    .text               c_w.l(exit.o)
    0x0800049a   0x0800049a   0x00000002   PAD
    0x0800049c   0x0800049c   0x00000008   Code   RO         5308    .text               c_w.l(libspace.o)
    0x080004a4   0x080004a4   0x00000002   Code   RO          344    i.BusFault_Handler  stm32f1xx_it.o
    0x080004a6   0x080004a6   0x00000002   Code   RO          345    i.DebugMon_Handler  stm32f1xx_it.o
    0x080004a8   0x080004a8   0x00000004   Code   RO           13    i.Error_Handler     main.o
    0x080004ac   0x080004ac   0x0000003c   Code   RO         1492    i.FSMC_NORSRAM_Extended_Timing_Init  stm32f1xx_ll_fsmc.o
    0x080004e8   0x080004e8   0x00000068   Code   RO         1493    i.FSMC_NORSRAM_Init  stm32f1xx_ll_fsmc.o
    0x08000550   0x08000550   0x00000044   Code   RO         1494    i.FSMC_NORSRAM_Timing_Init  stm32f1xx_ll_fsmc.o
    0x08000594   0x08000594   0x00000046   Code   RO          888    i.HAL_DMA_Abort     stm32f1xx_hal_dma.o
    0x080005da   0x080005da   0x00000002   PAD
    0x080005dc   0x080005dc   0x00000130   Code   RO          889    i.HAL_DMA_Abort_IT  stm32f1xx_hal_dma.o
    0x0800070c   0x0800070c   0x00000090   Code   RO          296    i.HAL_FSMC_MspInit  fsmc.o
    0x0800079c   0x0800079c   0x000001f8   Code   RO          824    i.HAL_GPIO_Init     stm32f1xx_hal_gpio.o
    0x08000994   0x08000994   0x0000000c   Code   RO          518    i.HAL_GetTick       stm32f1xx_hal.o
    0x080009a0   0x080009a0   0x00000010   Code   RO          524    i.HAL_IncTick       stm32f1xx_hal.o
    0x080009b0   0x080009b0   0x00000024   Code   RO          525    i.HAL_Init          stm32f1xx_hal.o
    0x080009d4   0x080009d4   0x00000074   Code   RO          432    i.HAL_InitTick      stm32f1xx_hal_timebase_tim.o
    0x08000a48   0x08000a48   0x00000048   Code   RO          408    i.HAL_MspInit       stm32f1xx_hal_msp.o
    0x08000a90   0x08000a90   0x0000001a   Code   RO          984    i.HAL_NVIC_EnableIRQ  stm32f1xx_hal_cortex.o
    0x08000aaa   0x08000aaa   0x00000002   PAD
    0x08000aac   0x08000aac   0x00000040   Code   RO          990    i.HAL_NVIC_SetPriority  stm32f1xx_hal_cortex.o
    0x08000aec   0x08000aec   0x00000024   Code   RO          991    i.HAL_NVIC_SetPriorityGrouping  stm32f1xx_hal_cortex.o
    0x08000b10   0x08000b10   0x0000012c   Code   RO          682    i.HAL_RCC_ClockConfig  stm32f1xx_hal_rcc.o
    0x08000c3c   0x08000c3c   0x00000040   Code   RO          686    i.HAL_RCC_GetClockConfig  stm32f1xx_hal_rcc.o
    0x08000c7c   0x08000c7c   0x00000020   Code   RO          689    i.HAL_RCC_GetPCLK1Freq  stm32f1xx_hal_rcc.o
    0x08000c9c   0x08000c9c   0x0000004c   Code   RO          691    i.HAL_RCC_GetSysClockFreq  stm32f1xx_hal_rcc.o
    0x08000ce8   0x08000ce8   0x00000320   Code   RO          694    i.HAL_RCC_OscConfig  stm32f1xx_hal_rcc.o
    0x08001008   0x08001008   0x00000064   Code   RO         1614    i.HAL_SRAM_Init     stm32f1xx_hal_sram.o
    0x0800106c   0x0800106c   0x00000004   Code   RO          298    i.HAL_SRAM_MspInit  fsmc.o
    0x08001070   0x08001070   0x00000002   Code   RO         2451    i.HAL_TIMEx_BreakCallback  stm32f1xx_hal_tim_ex.o
    0x08001072   0x08001072   0x00000002   Code   RO         2452    i.HAL_TIMEx_CommutCallback  stm32f1xx_hal_tim_ex.o
    0x08001074   0x08001074   0x0000005a   Code   RO         1747    i.HAL_TIM_Base_Init  stm32f1xx_hal_tim.o
    0x080010ce   0x080010ce   0x00000002   Code   RO         1749    i.HAL_TIM_Base_MspInit  stm32f1xx_hal_tim.o
    0x080010d0   0x080010d0   0x0000006c   Code   RO         1752    i.HAL_TIM_Base_Start_IT  stm32f1xx_hal_tim.o
    0x0800113c   0x0800113c   0x00000002   Code   RO         1781    i.HAL_TIM_IC_CaptureCallback  stm32f1xx_hal_tim.o
    0x0800113e   0x0800113e   0x00000166   Code   RO         1795    i.HAL_TIM_IRQHandler  stm32f1xx_hal_tim.o
    0x080012a4   0x080012a4   0x00000002   Code   RO         1798    i.HAL_TIM_OC_DelayElapsedCallback  stm32f1xx_hal_tim.o
    0x080012a6   0x080012a6   0x00000002   Code   RO         1825    i.HAL_TIM_PWM_PulseFinishedCallback  stm32f1xx_hal_tim.o
    0x080012a8   0x080012a8   0x00000014   Code   RO           14    i.HAL_TIM_PeriodElapsedCallback  main.o
    0x080012bc   0x080012bc   0x00000002   Code   RO         1838    i.HAL_TIM_TriggerCallback  stm32f1xx_hal_tim.o
    0x080012be   0x080012be   0x00000002   Code   RO         2730    i.HAL_UARTEx_RxEventCallback  stm32f1xx_hal_uart.o
    0x080012c0   0x080012c0   0x00000002   Code   RO         2744    i.HAL_UART_ErrorCallback  stm32f1xx_hal_uart.o
    0x080012c2   0x080012c2   0x0000000a   Code   RO         2746    i.HAL_UART_GetState  stm32f1xx_hal_uart.o
    0x080012cc   0x080012cc   0x0000026c   Code   RO         2747    i.HAL_UART_IRQHandler  stm32f1xx_hal_uart.o
    0x08001538   0x08001538   0x0000001c   Code   RO         2753    i.HAL_UART_Receive_IT  stm32f1xx_hal_uart.o
    0x08001554   0x08001554   0x00000058   Code   RO         5084    i.HAL_UART_RxCpltCallback  usart.o
    0x080015ac   0x080015ac   0x00000002   Code   RO         2759    i.HAL_UART_TxCpltCallback  stm32f1xx_hal_uart.o
    0x080015ae   0x080015ae   0x00000002   Code   RO          346    i.HardFault_Handler  stm32f1xx_it.o
    0x080015b0   0x080015b0   0x000000e4   Code   RO         4748    i.LCD_Fast_DrawPoint  lcd_1.o
    0x08001694   0x08001694   0x00000032   Code   RO         4752    i.LCD_Print         lcd_1.o
    0x080016c6   0x080016c6   0x00000002   PAD
    0x080016c8   0x080016c8   0x0000010c   Code   RO         4760    i.LCD_ShowChar      lcd_1.o
    0x080017d4   0x080017d4   0x000002ec   Code   RO         4761    i.LCD_ShowFloat     lcd_1.o
    0x08001ac0   0x08001ac0   0x0000029c   Code   RO         4765    i.LCD_Show_Chinese  lcd_1.o
    0x08001d5c   0x08001d5c   0x0000006c   Code   RO         4766    i.LCD_Show_Chinese_String  lcd_1.o
    0x08001dc8   0x08001dc8   0x00000018   Code   RO         4769    i.LCD_WR_DATA       lcd_1.o
    0x08001de0   0x08001de0   0x00000018   Code   RO         4770    i.LCD_WR_REG        lcd_1.o
    0x08001df8   0x08001df8   0x000001b4   Code   RO          224    i.MX_FREERTOS_Init  freertos.o
    0x08001fac   0x08001fac   0x00000094   Code   RO          299    i.MX_FSMC_Init      fsmc.o
    0x08002040   0x08002040   0x0000005c   Code   RO          200    i.MX_GPIO_Init      gpio.o
    0x0800209c   0x0800209c   0x00000002   Code   RO          347    i.MemManage_Handler  stm32f1xx_it.o
    0x0800209e   0x0800209e   0x00000002   Code   RO          348    i.NMI_Handler       stm32f1xx_it.o
    0x080020a0   0x080020a0   0x00000008   Code   RO          225    i.StartDefaultTask  freertos.o
    0x080020a8   0x080020a8   0x0000002c   Code   RO         4659    i.SysTick_Handler   port.o
    0x080020d4   0x080020d4   0x0000005e   Code   RO           15    i.SystemClock_Config  main.o
    0x08002132   0x08002132   0x00000002   Code   RO         3082    i.SystemInit        system_stm32f1xx.o
    0x08002134   0x08002134   0x0000000c   Code   RO          349    i.TIM4_IRQHandler   stm32f1xx_it.o
    0x08002140   0x08002140   0x0000008c   Code   RO         1840    i.TIM_Base_SetConfig  stm32f1xx_hal_tim.o
    0x080021cc   0x080021cc   0x00000010   Code   RO         2761    i.UART_DMAAbortOnError  stm32f1xx_hal_uart.o
    0x080021dc   0x080021dc   0x0000004e   Code   RO         2771    i.UART_EndRxTransfer  stm32f1xx_hal_uart.o
    0x0800222a   0x0800222a   0x000000c2   Code   RO         2773    i.UART_Receive_IT   stm32f1xx_hal_uart.o
    0x080022ec   0x080022ec   0x00000036   Code   RO         2776    i.UART_Start_Receive_IT  stm32f1xx_hal_uart.o
    0x08002322   0x08002322   0x00000002   PAD
    0x08002324   0x08002324   0x0000002c   Code   RO         5085    i.USART1_IRQHandler  usart.o
    0x08002350   0x08002350   0x00000002   Code   RO          350    i.UsageFault_Handler  stm32f1xx_it.o
    0x08002352   0x08002352   0x00000020   Code   RO          997    i.__NVIC_SetPriority  stm32f1xx_hal_cortex.o
    0x08002372   0x08002372   0x00000002   Code   RO         5086    i._sys_exit         usart.o
    0x08002374   0x08002374   0x0000001e   Code   RO           16    i.main              main.o
    0x08002392   0x08002392   0x00000002   PAD
    0x08002394   0x08002394   0x00000034   Code   RO         4188    i.osDelay           cmsis_os2.o
    0x080023c8   0x080023c8   0x00000038   Code   RO         4202    i.osKernelInitialize  cmsis_os2.o
    0x08002400   0x08002400   0x00000040   Code   RO         4205    i.osKernelStart     cmsis_os2.o
    0x08002440   0x08002440   0x000000a4   Code   RO         4239    i.osThreadNew       cmsis_os2.o
    0x080024e4   0x080024e4   0x0000005c   Code   RO         3684    i.prvAddCurrentTaskToDelayedList  tasks.o
    0x08002540   0x08002540   0x000000d0   Code   RO         3685    i.prvAddNewTaskToReadyList  tasks.o
    0x08002610   0x08002610   0x00000058   Code   RO         4034    i.prvCheckForValidListAndQueue  timers.o
    0x08002668   0x08002668   0x00000026   Code   RO         3287    i.prvCopyDataFromQueue  queue.o
    0x0800268e   0x0800268e   0x0000006c   Code   RO         3288    i.prvCopyDataToQueue  queue.o
    0x080026fa   0x080026fa   0x00000034   Code   RO         3686    i.prvDeleteTCB      tasks.o
    0x0800272e   0x0800272e   0x00000002   PAD
    0x08002730   0x08002730   0x0000004c   Code   RO         4609    i.prvHeapInit       heap_4.o
    0x0800277c   0x0800277c   0x00000060   Code   RO         3687    i.prvIdleTask       tasks.o
    0x080027dc   0x080027dc   0x00000022   Code   RO         3290    i.prvInitialiseNewQueue  queue.o
    0x080027fe   0x080027fe   0x0000009c   Code   RO         3688    i.prvInitialiseNewTask  tasks.o
    0x0800289a   0x0800289a   0x00000002   PAD
    0x0800289c   0x0800289c   0x0000004c   Code   RO         4610    i.prvInsertBlockIntoFreeList  heap_4.o
    0x080028e8   0x080028e8   0x00000038   Code   RO         4036    i.prvInsertTimerInActiveList  timers.o
    0x08002920   0x08002920   0x0000001c   Code   RO         3291    i.prvIsQueueEmpty   queue.o
    0x0800293c   0x0800293c   0x000000cc   Code   RO         4037    i.prvProcessReceivedCommands  timers.o
    0x08002a08   0x08002a08   0x000000b4   Code   RO         4038    i.prvProcessTimerOrBlockTask  timers.o
    0x08002abc   0x08002abc   0x00000020   Code   RO         3690    i.prvResetNextTaskUnblockTime  tasks.o
    0x08002adc   0x08002adc   0x00000028   Code   RO         4039    i.prvSampleTimeNow  timers.o
    0x08002b04   0x08002b04   0x0000006c   Code   RO         4040    i.prvSwitchTimerLists  timers.o
    0x08002b70   0x08002b70   0x00000028   Code   RO         4660    i.prvTaskExitError  port.o
    0x08002b98   0x08002b98   0x00000024   Code   RO         4041    i.prvTimerTask      timers.o
    0x08002bbc   0x08002bbc   0x0000006a   Code   RO         3292    i.prvUnlockQueue    queue.o
    0x08002c26   0x08002c26   0x00000002   PAD
    0x08002c28   0x08002c28   0x000000d8   Code   RO         4611    i.pvPortMalloc      heap_4.o
    0x08002d00   0x08002d00   0x00000024   Code   RO         4661    i.pxPortInitialiseStack  port.o
    0x08002d24   0x08002d24   0x00000026   Code   RO         3247    i.uxListRemove      list.o
    0x08002d4a   0x08002d4a   0x00000002   PAD
    0x08002d4c   0x08002d4c   0x00000014   Code   RO         4251    i.vApplicationGetIdleTaskMemory  cmsis_os2.o
    0x08002d60   0x08002d60   0x00000018   Code   RO         4252    i.vApplicationGetTimerTaskMemory  cmsis_os2.o
    0x08002d78   0x08002d78   0x00000016   Code   RO         3248    i.vListInitialise   list.o
    0x08002d8e   0x08002d8e   0x00000006   Code   RO         3249    i.vListInitialiseItem  list.o
    0x08002d94   0x08002d94   0x00000030   Code   RO         3250    i.vListInsert       list.o
    0x08002dc4   0x08002dc4   0x00000018   Code   RO         3251    i.vListInsertEnd    list.o
    0x08002ddc   0x08002ddc   0x00000040   Code   RO         4663    i.vPortEnterCritical  port.o
    0x08002e1c   0x08002e1c   0x00000028   Code   RO         4664    i.vPortExitCritical  port.o
    0x08002e44   0x08002e44   0x0000005c   Code   RO         4612    i.vPortFree         heap_4.o
    0x08002ea0   0x08002ea0   0x00000024   Code   RO         4665    i.vPortSetupTimerInterrupt  port.o
    0x08002ec4   0x08002ec4   0x00000054   Code   RO         4666    i.vPortValidateInterruptPriority  port.o
    0x08002f18   0x08002f18   0x00000028   Code   RO         3298    i.vQueueAddToRegistry  queue.o
    0x08002f40   0x08002f40   0x00000044   Code   RO         3302    i.vQueueWaitForMessageRestricted  queue.o
    0x08002f84   0x08002f84   0x0000004c   Code   RO         3702    i.vTaskDelay        tasks.o
    0x08002fd0   0x08002fd0   0x00000010   Code   RO         3707    i.vTaskInternalSetTimeOutState  tasks.o
    0x08002fe0   0x08002fe0   0x0000000c   Code   RO         3708    i.vTaskMissedYield  tasks.o
    0x08002fec   0x08002fec   0x00000030   Code   RO         3710    i.vTaskPlaceOnEventList  tasks.o
    0x0800301c   0x0800301c   0x00000038   Code   RO         3711    i.vTaskPlaceOnEventListRestricted  tasks.o
    0x08003054   0x08003054   0x00000088   Code   RO         3719    i.vTaskStartScheduler  tasks.o
    0x080030dc   0x080030dc   0x00000010   Code   RO         3721    i.vTaskSuspendAll   tasks.o
    0x080030ec   0x080030ec   0x00000064   Code   RO         3722    i.vTaskSwitchContext  tasks.o
    0x08003150   0x08003150   0x000000a8   Code   RO         4667    i.xPortStartScheduler  port.o
    0x080031f8   0x080031f8   0x00000066   Code   RO         3308    i.xQueueGenericCreateStatic  queue.o
    0x0800325e   0x0800325e   0x00000002   PAD
    0x08003260   0x08003260   0x00000088   Code   RO         3309    i.xQueueGenericReset  queue.o
    0x080032e8   0x080032e8   0x00000160   Code   RO         3310    i.xQueueGenericSend  queue.o
    0x08003448   0x08003448   0x000000bc   Code   RO         3311    i.xQueueGenericSendFromISR  queue.o
    0x08003504   0x08003504   0x00000138   Code   RO         3320    i.xQueueReceive     queue.o
    0x0800363c   0x0800363c   0x00000074   Code   RO         3723    i.xTaskCheckForTimeOut  tasks.o
    0x080036b0   0x080036b0   0x0000005a   Code   RO         3724    i.xTaskCreate       tasks.o
    0x0800370a   0x0800370a   0x00000056   Code   RO         3725    i.xTaskCreateStatic  tasks.o
    0x08003760   0x08003760   0x0000001c   Code   RO         3729    i.xTaskGetSchedulerState  tasks.o
    0x0800377c   0x0800377c   0x0000000c   Code   RO         3730    i.xTaskGetTickCount  tasks.o
    0x08003788   0x08003788   0x000000c8   Code   RO         3732    i.xTaskIncrementTick  tasks.o
    0x08003850   0x08003850   0x00000080   Code   RO         3735    i.xTaskPriorityDisinherit  tasks.o
    0x080038d0   0x080038d0   0x00000070   Code   RO         3737    i.xTaskRemoveFromEventList  tasks.o
    0x08003940   0x08003940   0x000000c4   Code   RO         3738    i.xTaskResumeAll    tasks.o
    0x08003a04   0x08003a04   0x00000060   Code   RO         4048    i.xTimerCreateTimerTask  timers.o
    0x08003a64   0x08003a64   0x00000068   Code   RO         4049    i.xTimerGenericCommand  timers.o
    0x08003acc   0x08003acc   0x00000150   Code   RO         5220    x$fpl$dadd          fz_ws.l(daddsub_clz.o)
    0x08003c1c   0x08003c1c   0x00000010   Code   RO         5262    x$fpl$dcheck1       fz_ws.l(dcheck1.o)
    0x08003c2c   0x08003c2c   0x0000005a   Code   RO         5226    x$fpl$dfixu         fz_ws.l(dfixu.o)
    0x08003c86   0x08003c86   0x00000026   Code   RO         5230    x$fpl$dfltu         fz_ws.l(dflt_clz.o)
    0x08003cac   0x08003cac   0x00000154   Code   RO         5236    x$fpl$dmul          fz_ws.l(dmul.o)
    0x08003e00   0x08003e00   0x0000009c   Code   RO         5264    x$fpl$dnaninf       fz_ws.l(dnaninf.o)
    0x08003e9c   0x08003e9c   0x0000000c   Code   RO         5266    x$fpl$dretinf       fz_ws.l(dretinf.o)
    0x08003ea8   0x08003ea8   0x000001d4   Code   RO         5222    x$fpl$dsub          fz_ws.l(daddsub_clz.o)
    0x0800407c   0x0800407c   0x00000036   Code   RO         5238    x$fpl$ffix          fz_ws.l(ffix.o)
    0x080040b2   0x080040b2   0x00000002   PAD
    0x080040b4   0x080040b4   0x00000102   Code   RO         5242    x$fpl$fmul          fz_ws.l(fmul.o)
    0x080041b6   0x080041b6   0x0000008c   Code   RO         5268    x$fpl$fnaninf       fz_ws.l(fnaninf.o)
    0x08004242   0x08004242   0x0000000a   Code   RO         5270    x$fpl$fretinf       fz_ws.l(fretinf.o)
    0x0800424c   0x0800424c   0x00000064   Code   RO         5294    x$fpl$retnan        fz_ws.l(retnan.o)
    0x080042b0   0x080042b0   0x0000005c   Code   RO         5244    x$fpl$scalbn        fz_ws.l(scalbn.o)
    0x0800430c   0x0800430c   0x00000030   Code   RO         5306    x$fpl$trapveneer    fz_ws.l(trapv.o)
    0x0800433c   0x0800433c   0x00000000   Code   RO         5272    x$fpl$usenofp       fz_ws.l(usenofp.o)
    0x0800433c   0x0800433c   0x00000024   Data   RO          226    .constdata          freertos.o
    0x08004360   0x08004360   0x00000012   Data   RO          695    .constdata          stm32f1xx_hal_rcc.o
    0x08004372   0x08004372   0x00000010   Data   RO         3083    .constdata          system_stm32f1xx.o
    0x08004382   0x08004382   0x00000008   Data   RO         3084    .constdata          system_stm32f1xx.o
    0x0800438a   0x0800438a   0x00000002   PAD
    0x0800438c   0x0800438c   0x0002e888   Data   RO         4776    .constdata          lcd_1.o
    0x08032c14   0x08032c14   0x00000018   Data   RO          227    .conststring        freertos.o
    0x08032c2c   0x08032c2c   0x000000db   Data   RO         4777    .conststring        lcd_1.o
    0x08032d07   0x08032d07   0x00000001   PAD
    0x08032d08   0x08032d08   0x00000020   Data   RO         5433    Region$$Table       anon$$obj.o


    Execution Region RW_IRAM1 (Exec base: 0x20000000, Load base: 0x08032d28, Size: 0x000021d8, Max: 0x00010000, ABSOLUTE)

    Exec Addr    Load Addr    Size         Type   Attr      Idx    E Section Name        Object

    0x20000000   0x08032d28   0x00000010   Data   RW          237    .data               freertos.o
    0x20000010   0x08032d38   0x00000008   Data   RW          301    .data               fsmc.o
    0x20000018   0x08032d40   0x0000000c   Data   RW          532    .data               stm32f1xx_hal.o
    0x20000024   0x08032d4c   0x00000004   Data   RW         3085    .data               system_stm32f1xx.o
    0x20000028   0x08032d50   0x0000003c   Data   RW         3741    .data               tasks.o
    0x20000064   0x08032d8c   0x00000014   Data   RW         4057    .data               timers.o
    0x20000078   0x08032da0   0x00000004   Data   RW         4254    .data               cmsis_os2.o
    0x2000007c   0x08032da4   0x00000018   Data   RW         4617    .data               heap_4.o
    0x20000094   0x08032dbc   0x0000000c   Data   RW         4668    .data               port.o
    0x200000a0   0x08032dc8   0x00000008   Data   RW         4778    .data               lcd_1.o
    0x200000a8   0x08032dd0   0x00000004   Data   RW         5090    .data               usart.o
    0x200000ac        -       0x00000048   Zero   RW          300    .bss                fsmc.o
    0x200000f4        -       0x00000048   Zero   RW          435    .bss                stm32f1xx_hal_timebase_tim.o
    0x2000013c        -       0x00000040   Zero   RW         3324    .bss                queue.o
    0x2000017c        -       0x000004c4   Zero   RW         3740    .bss                tasks.o
    0x20000640        -       0x00000118   Zero   RW         4056    .bss                timers.o
    0x20000758        -       0x000006b8   Zero   RW         4253    .bss                cmsis_os2.o
    0x20000e10        -       0x00000c00   Zero   RW         4616    .bss                heap_4.o
    0x20001a10        -       0x00000056   Zero   RW         4775    .bss                lcd_1.o
    0x20001a66   0x08032dd4   0x00000002   PAD
    0x20001a68        -       0x00000110   Zero   RW         5089    .bss                usart.o
    0x20001b78        -       0x00000060   Zero   RW         5309    .bss                c_w.l(libspace.o)
    0x20001bd8        -       0x00000200   Zero   RW            2    HEAP                startup_stm32f103xe.o
    0x20001dd8        -       0x00000400   Zero   RW            1    STACK               startup_stm32f103xe.o


==============================================================================

Image component sizes


      Code (inc. data)   RO Data    RW Data    ZI Data      Debug   Object Name

       380         32          0          4       1720      14286   cmsis_os2.o
         0          0          0          0          0      20144   event_groups.o
       444        214         60         16          0      10032   freertos.o
       296         38          0          8         72       2203   fsmc.o
        92          6          0          0          0        879   gpio.o
       460         24          0         24       3072       4639   heap_4.o
      2118        114     190819          8         86      11340   lcd_1.o
       138          0          0          0          0       3366   list.o
       148          6          0          0          0     509504   main.o
       662         70          0         12          0      10749   port.o
      1512         20          0          0         64      16816   queue.o
        64         26        304          0       1536        804   startup_stm32f103xe.o
        64         14          0         12          0       5214   stm32f1xx_hal.o
       158         14          0          0          0      28158   stm32f1xx_hal_cortex.o
       374          8          0          0          0       1819   stm32f1xx_hal_dma.o
       504         42          0          0          0       2268   stm32f1xx_hal_gpio.o
        72         10          0          0          0        858   stm32f1xx_hal_msp.o
      1272         82         18          0          0       5150   stm32f1xx_hal_rcc.o
       100          0          0          0          0       1204   stm32f1xx_hal_sram.o
       706         40          0          0          0       7048   stm32f1xx_hal_tim.o
         4          0          0          0          0       1569   stm32f1xx_hal_tim_ex.o
       116         16          0          0         72       1407   stm32f1xx_hal_timebase_tim.o
      1006          4          0          0          0       8064   stm32f1xx_hal_uart.o
        24          6          0          0          0       2987   stm32f1xx_it.o
       232         14          0          0          0       3839   stm32f1xx_ll_fsmc.o
         0          0          0          0          0       8888   stream_buffer.o
         2          0         24          4          0       1103   system_stm32f1xx.o
      2064        170          0         60       1220      23096   tasks.o
       912         82          0         20        280      25911   timers.o
       134         22          0          4        272       3466   usart.o

    ----------------------------------------------------------------------
     14080       1074     191260        172       8396     736811   Object Totals
         0          0         32          0          0          0   (incl. Generated)
        22          0          3          0          2          0   (incl. Padding)

    ----------------------------------------------------------------------

      Code (inc. data)   RO Data    RW Data    ZI Data      Debug   Library Member Name

         8          0          0          0          0         68   __main.o
         0          0          0          0          0          0   __rtentry.o
        12          0          0          0          0          0   __rtentry2.o
         6          0          0          0          0          0   __rtentry4.o
        52          8          0          0          0          0   __scatter.o
        26          0          0          0          0          0   __scatter_copy.o
        28          0          0          0          0          0   __scatter_zi.o
        16          0          0          0          0         68   aeabi_memset.o
        18          0          0          0          0         80   exit.o
         6          0          0          0          0        152   heapauxi.o
         2          0          0          0          0          0   libinit.o
         2          0          0          0          0          0   libinit2.o
         2          0          0          0          0          0   libshutdown.o
         2          0          0          0          0          0   libshutdown2.o
         8          4          0          0         96         68   libspace.o
        68          0          0          0          0         68   rt_memclr.o
        78          0          0          0          0         80   rt_memclr_w.o
       138          0          0          0          0         68   rt_memcpy_v6.o
       100          0          0          0          0         80   rt_memcpy_w.o
         2          0          0          0          0          0   rtexit.o
        10          0          0          0          0          0   rtexit2.o
        74          0          0          0          0         80   sys_stackheap_outer.o
         2          0          0          0          0         68   use_no_semi.o
         2          0          0          0          0         68   use_no_semi_2.o
       804         16          0          0          0        272   daddsub_clz.o
        16          4          0          0          0         68   dcheck1.o
        90          4          0          0          0         92   dfixu.o
        38          0          0          0          0         68   dflt_clz.o
       340         12          0          0          0        104   dmul.o
       156          4          0          0          0         92   dnaninf.o
        12          0          0          0          0         68   dretinf.o
        54          4          0          0          0         84   ffix.o
       258          4          0          0          0         84   fmul.o
       140          4          0          0          0         84   fnaninf.o
        10          0          0          0          0         68   fretinf.o
       100          0          0          0          0         68   retnan.o
        92          0          0          0          0         68   scalbn.o
        48          0          0          0          0         68   trapv.o
         0          0          0          0          0          0   usenofp.o

    ----------------------------------------------------------------------
      2828         64          0          0         96       2236   Library Totals
         8          0          0          0          0          0   (incl. Padding)

    ----------------------------------------------------------------------

      Code (inc. data)   RO Data    RW Data    ZI Data      Debug   Library Name

       662         12          0          0         96        948   c_w.l
      2158         52          0          0          0       1288   fz_ws.l

    ----------------------------------------------------------------------
      2828         64          0          0         96       2236   Library Totals

    ----------------------------------------------------------------------

==============================================================================


      Code (inc. data)   RO Data    RW Data    ZI Data      Debug   

     16908       1138     191260        172       8492     730931   Grand Totals
     16908       1138     191260        172       8492     730931   ELF Image Totals
     16908       1138     191260        172          0          0   ROM Totals

==============================================================================

    Total RO  Size (Code + RO Data)               208168 ( 203.29kB)
    Total RW  Size (RW Data + ZI Data)              8664 (   8.46kB)
    Total ROM Size (Code + RO Data + RW Data)     208340 ( 203.46kB)

==============================================================================

